Archive member included to satisfy reference by file (symbol)

nog/libnog.a(nog.cpp.o)       nogcl/CMakeFiles/nogcl.dir/main.cpp.o (nog::tester())

Merging program properties

Removed property 0xc0000002 to merge /lib/x86_64-linux-gnu/Scrt1.o (0x3) and nogcl/CMakeFiles/nogcl.dir/main.cpp.o (not found)
Removed property 0xc0000002 to merge /lib/x86_64-linux-gnu/Scrt1.o (not found) and /usr/bin/../lib/gcc/x86_64-linux-gnu/14/crtendS.o (0x3)
Removed property 0xc0000002 to merge /lib/x86_64-linux-gnu/Scrt1.o (not found) and /lib/x86_64-linux-gnu/crtn.o (0x3)

Discarded input sections

 .note.GNU-stack
                0x0000000000000000        0x0 /lib/x86_64-linux-gnu/Scrt1.o
 .note.gnu.property
                0x0000000000000000       0x20 /lib/x86_64-linux-gnu/crti.o
 .note.GNU-stack
                0x0000000000000000        0x0 /lib/x86_64-linux-gnu/crti.o
 .note.GNU-stack
                0x0000000000000000        0x0 /usr/bin/../lib/gcc/x86_64-linux-gnu/14/crtbeginS.o
 .note.gnu.property
                0x0000000000000000       0x20 /usr/bin/../lib/gcc/x86_64-linux-gnu/14/crtbeginS.o
 .linker-options
                0x0000000000000000        0x0 nogcl/CMakeFiles/nogcl.dir/main.cpp.o
 .note.GNU-stack
                0x0000000000000000        0x0 nogcl/CMakeFiles/nogcl.dir/main.cpp.o
 .llvm_addrsig  0x0000000000000000        0x6 nogcl/CMakeFiles/nogcl.dir/main.cpp.o
 .linker-options
                0x0000000000000000        0x0 nog/libnog.a(nog.cpp.o)
 .note.GNU-stack
                0x0000000000000000        0x0 nog/libnog.a(nog.cpp.o)
 .llvm_addrsig  0x0000000000000000        0x0 nog/libnog.a(nog.cpp.o)
 .note.GNU-stack
                0x0000000000000000        0x0 /usr/bin/../lib/gcc/x86_64-linux-gnu/14/crtendS.o
 .note.gnu.property
                0x0000000000000000       0x20 /usr/bin/../lib/gcc/x86_64-linux-gnu/14/crtendS.o
 .note.gnu.property
                0x0000000000000000       0x20 /lib/x86_64-linux-gnu/crtn.o
 .note.GNU-stack
                0x0000000000000000        0x0 /lib/x86_64-linux-gnu/crtn.o

Memory Configuration

Name             Origin             Length             Attributes
*default*        0x0000000000000000 0xffffffffffffffff

Linker script and memory map

LOAD /lib/x86_64-linux-gnu/Scrt1.o
LOAD /lib/x86_64-linux-gnu/crti.o
LOAD /usr/bin/../lib/gcc/x86_64-linux-gnu/14/crtbeginS.o
LOAD nogcl/CMakeFiles/nogcl.dir/main.cpp.o
LOAD nog/libnog.a
LOAD /usr/bin/../lib/gcc/x86_64-linux-gnu/14/libstdc++.so
LOAD /lib/x86_64-linux-gnu/libm.so
START GROUP
LOAD /lib/x86_64-linux-gnu/libm.so.6
LOAD /lib/x86_64-linux-gnu/libmvec.so.1
END GROUP
LOAD /usr/bin/../lib/gcc/x86_64-linux-gnu/14/libgcc_s.so
START GROUP
LOAD /lib/x86_64-linux-gnu/libgcc_s.so.1
LOAD /usr/bin/../lib/gcc/x86_64-linux-gnu/14/libgcc.a
END GROUP
LOAD /usr/bin/../lib/gcc/x86_64-linux-gnu/14/libgcc.a
LOAD /lib/x86_64-linux-gnu/libc.so
START GROUP
LOAD /lib/x86_64-linux-gnu/libc.so.6
LOAD /usr/lib/x86_64-linux-gnu/libc_nonshared.a
LOAD /lib64/ld-linux-x86-64.so.2
END GROUP
LOAD /usr/bin/../lib/gcc/x86_64-linux-gnu/14/libgcc_s.so
START GROUP
LOAD /lib/x86_64-linux-gnu/libgcc_s.so.1
LOAD /usr/bin/../lib/gcc/x86_64-linux-gnu/14/libgcc.a
END GROUP
LOAD /usr/bin/../lib/gcc/x86_64-linux-gnu/14/libgcc.a
LOAD /usr/bin/../lib/gcc/x86_64-linux-gnu/14/crtendS.o
LOAD /lib/x86_64-linux-gnu/crtn.o
                [!provide]                        PROVIDE (__executable_start = SEGMENT_START ("text-segment", 0x0))
                0x0000000000000318                . = (SEGMENT_START ("text-segment", 0x0) + SIZEOF_HEADERS)

.interp         0x0000000000000318       0x1c
 *(.interp)
 .interp        0x0000000000000318       0x1c /lib/x86_64-linux-gnu/Scrt1.o

.note.gnu.property
                0x0000000000000338       0x20
 .note.gnu.property
                0x0000000000000338       0x20 /lib/x86_64-linux-gnu/Scrt1.o

.note.gnu.build-id
                0x0000000000000358       0x24
 *(.note.gnu.build-id)
 .note.gnu.build-id
                0x0000000000000358       0x24 /lib/x86_64-linux-gnu/Scrt1.o

.note.ABI-tag   0x000000000000037c       0x20
 .note.ABI-tag  0x000000000000037c       0x20 /lib/x86_64-linux-gnu/Scrt1.o

.hash
 *(.hash)

.gnu.hash       0x00000000000003a0       0x24
 *(.gnu.hash)
 .gnu.hash      0x00000000000003a0       0x24 /lib/x86_64-linux-gnu/Scrt1.o

.dynsym         0x00000000000003c8      0x120
 *(.dynsym)
 .dynsym        0x00000000000003c8      0x120 /lib/x86_64-linux-gnu/Scrt1.o

.dynstr         0x00000000000004e8      0x17f
 *(.dynstr)
 .dynstr        0x00000000000004e8      0x17f /lib/x86_64-linux-gnu/Scrt1.o

.gnu.version    0x0000000000000668       0x18
 *(.gnu.version)
 .gnu.version   0x0000000000000668       0x18 /lib/x86_64-linux-gnu/Scrt1.o

.gnu.version_d  0x0000000000000680        0x0
 *(.gnu.version_d)
 .gnu.version_d
                0x0000000000000680        0x0 /lib/x86_64-linux-gnu/Scrt1.o

.gnu.version_r  0x0000000000000680       0x60
 *(.gnu.version_r)
 .gnu.version_r
                0x0000000000000680       0x60 /lib/x86_64-linux-gnu/Scrt1.o

.rela.dyn       0x00000000000006e0       0xf0
 *(.rela.init)
 *(.rela.text .rela.text.* .rela.gnu.linkonce.t.*)
 *(.rela.fini)
 *(.rela.rodata .rela.rodata.* .rela.gnu.linkonce.r.*)
 *(.rela.data .rela.data.* .rela.gnu.linkonce.d.*)
 .rela.data.rel.ro
                0x00000000000006e0        0x0 /lib/x86_64-linux-gnu/Scrt1.o
 .rela.data.rel.local
                0x00000000000006e0       0x18 /lib/x86_64-linux-gnu/Scrt1.o
 *(.rela.tdata .rela.tdata.* .rela.gnu.linkonce.td.*)
 *(.rela.tbss .rela.tbss.* .rela.gnu.linkonce.tb.*)
 *(.rela.ctors)
 *(.rela.dtors)
 *(.rela.got)
 .rela.got      0x00000000000006f8       0xa8 /lib/x86_64-linux-gnu/Scrt1.o
 *(.rela.bss .rela.bss.* .rela.gnu.linkonce.b.*)
 .rela.bss      0x00000000000007a0        0x0 /lib/x86_64-linux-gnu/Scrt1.o
 *(.rela.ldata .rela.ldata.* .rela.gnu.linkonce.l.*)
 *(.rela.lbss .rela.lbss.* .rela.gnu.linkonce.lb.*)
 *(.rela.lrodata .rela.lrodata.* .rela.gnu.linkonce.lr.*)
 *(.rela.ifunc)
 .rela.ifunc    0x00000000000007a0        0x0 /lib/x86_64-linux-gnu/Scrt1.o
 .rela.fini_array
                0x00000000000007a0       0x18 /lib/x86_64-linux-gnu/Scrt1.o
 .rela.init_array
                0x00000000000007b8       0x18 /lib/x86_64-linux-gnu/Scrt1.o

.rela.plt       0x00000000000007d0       0x48
 *(.rela.plt)
 .rela.plt      0x00000000000007d0       0x48 /lib/x86_64-linux-gnu/Scrt1.o
 *(.rela.iplt)

.relr.dyn
 *(.relr.dyn)
                0x0000000000001000                . = ALIGN (CONSTANT (MAXPAGESIZE))

.init           0x0000000000001000       0x1b
 *(SORT_NONE(.init))
 .init          0x0000000000001000       0x16 /lib/x86_64-linux-gnu/crti.o
                0x0000000000001000                _init
 .init          0x0000000000001016        0x5 /lib/x86_64-linux-gnu/crtn.o

.plt            0x0000000000001020       0x40
 *(.plt)
 .plt           0x0000000000001020       0x40 /lib/x86_64-linux-gnu/Scrt1.o
                0x0000000000001030                std::basic_ostream<char, std::char_traits<char> >& std::operator<< <std::char_traits<char> >(std::basic_ostream<char, std::char_traits<char> >&, char const*)@@GLIBCXX_3.4
                0x0000000000001040                std::ostream::operator<<(std::ostream& (*)(std::ostream&))@@GLIBCXX_3.4
                0x0000000000001050                std::ostream::operator<<(int)@@GLIBCXX_3.4
 *(.iplt)

.plt.got        0x0000000000001060        0x8
 *(.plt.got)
 .plt.got       0x0000000000001060        0x8 /lib/x86_64-linux-gnu/Scrt1.o
                0x0000000000001060                __cxa_finalize@@GLIBC_2.2.5

.plt.sec
 *(.plt.sec)

.text           0x0000000000001070      0x15b
 *(.text.unlikely .text.*_unlikely .text.unlikely.*)
 *(.text.exit .text.exit.*)
 *(.text.startup .text.startup.*)
 *(.text.hot .text.hot.*)
 *(SORT_BY_NAME(.text.sorted.*))
 *(.text .stub .text.* .gnu.linkonce.t.*)
 .text          0x0000000000001070       0x26 /lib/x86_64-linux-gnu/Scrt1.o
                0x0000000000001070                _start
 .text          0x0000000000001096        0x0 /lib/x86_64-linux-gnu/crti.o
 *fill*         0x0000000000001096        0xa 
 .text          0x00000000000010a0       0xb9 /usr/bin/../lib/gcc/x86_64-linux-gnu/14/crtbeginS.o
 *fill*         0x0000000000001159        0x7 
 .text          0x0000000000001160       0x56 nogcl/CMakeFiles/nogcl.dir/main.cpp.o
                0x0000000000001160                main
 *fill*         0x00000000000011b6        0xa 
 .text          0x00000000000011c0        0xb nog/libnog.a(nog.cpp.o)
                0x00000000000011c0                nog::tester()
 .text          0x00000000000011cb        0x0 /usr/bin/../lib/gcc/x86_64-linux-gnu/14/crtendS.o
 .text          0x00000000000011cb        0x0 /lib/x86_64-linux-gnu/crtn.o
 *(.gnu.warning)

.fini           0x00000000000011cc        0xd
 *(SORT_NONE(.fini))
 .fini          0x00000000000011cc        0x8 /lib/x86_64-linux-gnu/crti.o
                0x00000000000011cc                _fini
 .fini          0x00000000000011d4        0x5 /lib/x86_64-linux-gnu/crtn.o
                [!provide]                        PROVIDE (__etext = .)
                [!provide]                        PROVIDE (_etext = .)
                [!provide]                        PROVIDE (etext = .)
                0x0000000000002000                . = ALIGN (CONSTANT (MAXPAGESIZE))
                0x0000000000002000                . = SEGMENT_START ("rodata-segment", (ALIGN (CONSTANT (MAXPAGESIZE)) + (. & (CONSTANT (MAXPAGESIZE) - 0x1))))

.rodata         0x0000000000002000       0x14
 *(.rodata .rodata.* .gnu.linkonce.r.*)
 .rodata.cst4   0x0000000000002000        0x4 /lib/x86_64-linux-gnu/Scrt1.o
                0x0000000000002000                _IO_stdin_used
 .rodata.str1.1
                0x0000000000002004       0x10 nogcl/CMakeFiles/nogcl.dir/main.cpp.o

.rodata1
 *(.rodata1)

.eh_frame_hdr   0x0000000000002014       0x34
 *(.eh_frame_hdr)
 .eh_frame_hdr  0x0000000000002014       0x34 /lib/x86_64-linux-gnu/Scrt1.o
                0x0000000000002014                __GNU_EH_FRAME_HDR
 *(.eh_frame_entry .eh_frame_entry.*)

.eh_frame       0x0000000000002048       0xb4
 *(.eh_frame)
 .eh_frame      0x0000000000002048       0x30 /lib/x86_64-linux-gnu/Scrt1.o
                                         0x2c (size before relaxing)
 *fill*         0x0000000000002078        0x0 
 .eh_frame      0x0000000000002078       0x28 /lib/x86_64-linux-gnu/Scrt1.o
                                         0x40 (size before relaxing)
 .eh_frame      0x00000000000020a0       0x18 /lib/x86_64-linux-gnu/Scrt1.o
                                         0x30 (size before relaxing)
 .eh_frame      0x00000000000020b8       0x20 nogcl/CMakeFiles/nogcl.dir/main.cpp.o
                                         0x38 (size before relaxing)
 .eh_frame      0x00000000000020d8       0x20 nog/libnog.a(nog.cpp.o)
                                         0x38 (size before relaxing)
 .eh_frame      0x00000000000020f8        0x4 /usr/bin/../lib/gcc/x86_64-linux-gnu/14/crtendS.o
 *(.eh_frame.*)

.sframe         0x00000000000020fc        0x0
 *(.sframe)
 .sframe        0x00000000000020fc        0x0 /lib/x86_64-linux-gnu/Scrt1.o
 *(.sframe.*)

.gcc_except_table
 *(.gcc_except_table .gcc_except_table.*)

.gnu_extab
 *(.gnu_extab*)

.exception_ranges
 *(.exception_ranges*)
                0x0000000000003d90                . = DATA_SEGMENT_ALIGN (CONSTANT (MAXPAGESIZE), CONSTANT (COMMONPAGESIZE))

.eh_frame
 *(.eh_frame)
 *(.eh_frame.*)

.sframe
 *(.sframe)
 *(.sframe.*)

.gnu_extab
 *(.gnu_extab)

.gcc_except_table
 *(.gcc_except_table .gcc_except_table.*)

.exception_ranges
 *(.exception_ranges*)

.tdata          0x0000000000003d90        0x0
                [!provide]                        PROVIDE (__tdata_start = .)
 *(.tdata .tdata.* .gnu.linkonce.td.*)

.tbss
 *(.tbss .tbss.* .gnu.linkonce.tb.*)
 *(.tcommon)

.preinit_array  0x0000000000003d90        0x0
                [!provide]                        PROVIDE (__preinit_array_start = .)
 *(.preinit_array)
                [!provide]                        PROVIDE (__preinit_array_end = .)

.init_array     0x0000000000003d90        0x8
                [!provide]                        PROVIDE (__init_array_start = .)
 *(SORT_BY_INIT_PRIORITY(.init_array.*) SORT_BY_INIT_PRIORITY(.ctors.*))
 *(.init_array EXCLUDE_FILE(*crtend?.o *crtend.o *crtbegin?.o *crtbegin.o) .ctors)
 .init_array    0x0000000000003d90        0x8 /usr/bin/../lib/gcc/x86_64-linux-gnu/14/crtbeginS.o
                [!provide]                        PROVIDE (__init_array_end = .)

.fini_array     0x0000000000003d98        0x8
                [!provide]                        PROVIDE (__fini_array_start = .)
 *(SORT_BY_INIT_PRIORITY(.fini_array.*) SORT_BY_INIT_PRIORITY(.dtors.*))
 *(.fini_array EXCLUDE_FILE(*crtend?.o *crtend.o *crtbegin?.o *crtbegin.o) .dtors)
 .fini_array    0x0000000000003d98        0x8 /usr/bin/../lib/gcc/x86_64-linux-gnu/14/crtbeginS.o
                [!provide]                        PROVIDE (__fini_array_end = .)

.ctors
 *crtbegin.o(.ctors)
 *crtbegin?.o(.ctors)
 *(EXCLUDE_FILE(*crtend?.o *crtend.o) .ctors)
 *(SORT_BY_NAME(.ctors.*))
 *(.ctors)

.dtors
 *crtbegin.o(.dtors)
 *crtbegin?.o(.dtors)
 *(EXCLUDE_FILE(*crtend?.o *crtend.o) .dtors)
 *(SORT_BY_NAME(.dtors.*))
 *(.dtors)

.jcr
 *(.jcr)

.data.rel.ro    0x0000000000003da0        0x0
 *(.data.rel.ro.local* .gnu.linkonce.d.rel.ro.local.*)
 *(.data.rel.ro .data.rel.ro.* .gnu.linkonce.d.rel.ro.*)
 .data.rel.ro   0x0000000000003da0        0x0 /lib/x86_64-linux-gnu/Scrt1.o

.dynamic        0x0000000000003da0      0x210
 *(.dynamic)
 .dynamic       0x0000000000003da0      0x210 /lib/x86_64-linux-gnu/Scrt1.o
                0x0000000000003da0                _DYNAMIC

.got            0x0000000000003fb0       0x38
 *(.got)
 .got           0x0000000000003fb0       0x38 /lib/x86_64-linux-gnu/Scrt1.o
 *(.igot)
                0x0000000000003fe8                . = DATA_SEGMENT_RELRO_END (., (SIZEOF (.got.plt) >= 0x18)?0x18:0x0)

.got.plt        0x0000000000003fe8       0x30
 *(.got.plt)
 .got.plt       0x0000000000003fe8       0x30 /lib/x86_64-linux-gnu/Scrt1.o
                0x0000000000003fe8                _GLOBAL_OFFSET_TABLE_
 *(.igot.plt)

.data           0x0000000000004018       0x10
 *(.data .data.* .gnu.linkonce.d.*)
 .data          0x0000000000004018        0x4 /lib/x86_64-linux-gnu/Scrt1.o
                0x0000000000004018                data_start
                0x0000000000004018                __data_start
 .data          0x000000000000401c        0x0 /lib/x86_64-linux-gnu/crti.o
 .data          0x000000000000401c        0x0 /usr/bin/../lib/gcc/x86_64-linux-gnu/14/crtbeginS.o
 *fill*         0x000000000000401c        0x4 
 .data.rel.local
                0x0000000000004020        0x8 /usr/bin/../lib/gcc/x86_64-linux-gnu/14/crtbeginS.o
                0x0000000000004020                __dso_handle
 .data          0x0000000000004028        0x0 /usr/bin/../lib/gcc/x86_64-linux-gnu/14/crtendS.o
 .data          0x0000000000004028        0x0 /lib/x86_64-linux-gnu/crtn.o

.tm_clone_table
                0x0000000000004028        0x0
 .tm_clone_table
                0x0000000000004028        0x0 /usr/bin/../lib/gcc/x86_64-linux-gnu/14/crtbeginS.o
 .tm_clone_table
                0x0000000000004028        0x0 /usr/bin/../lib/gcc/x86_64-linux-gnu/14/crtendS.o

.data1
 *(.data1)
                0x0000000000004028                _edata = .
                [!provide]                        PROVIDE (edata = .)
                0x0000000000004028                . = ALIGN (ALIGNOF (NEXT_SECTION))
                0x0000000000004028                __bss_start = .

.bss            0x0000000000004028        0x8
 *(.dynbss)
 .dynbss        0x0000000000004028        0x0 /lib/x86_64-linux-gnu/Scrt1.o
 *(.bss .bss.* .gnu.linkonce.b.*)
 .bss           0x0000000000004028        0x0 /lib/x86_64-linux-gnu/Scrt1.o
 .bss           0x0000000000004028        0x0 /lib/x86_64-linux-gnu/crti.o
 .bss           0x0000000000004028        0x1 /usr/bin/../lib/gcc/x86_64-linux-gnu/14/crtbeginS.o
 .bss           0x0000000000004029        0x0 /usr/bin/../lib/gcc/x86_64-linux-gnu/14/crtendS.o
 .bss           0x0000000000004029        0x0 /lib/x86_64-linux-gnu/crtn.o
 *(COMMON)
                0x0000000000004030                . = ALIGN ((. != 0x0)?0x8:0x1)
 *fill*         0x0000000000004029        0x7 

.lbss
 *(.dynlbss)
 *(.lbss .lbss.* .gnu.linkonce.lb.*)
 *(LARGE_COMMON)
                0x0000000000004030                . = ALIGN (0x8)
                0x0000000000004030                . = SEGMENT_START ("ldata-segment", .)

.lrodata
 *(.lrodata .lrodata.* .gnu.linkonce.lr.*)

.ldata          0x0000000000006030        0x0
 *(.ldata .ldata.* .gnu.linkonce.l.*)
                0x0000000000006030                . = ALIGN ((. != 0x0)?0x8:0x1)
                0x0000000000006030                . = ALIGN (0x8)
                0x0000000000004030                _end = .
                [!provide]                        PROVIDE (end = .)
                0x0000000000006030                . = DATA_SEGMENT_END (.)

.stab
 *(.stab)

.stabstr
 *(.stabstr)

.stab.excl
 *(.stab.excl)

.stab.exclstr
 *(.stab.exclstr)

.stab.index
 *(.stab.index)

.stab.indexstr
 *(.stab.indexstr)

.comment        0x0000000000000000       0x54
 *(.comment)
 .comment       0x0000000000000000       0x54 /usr/bin/../lib/gcc/x86_64-linux-gnu/14/crtbeginS.o
                                         0x2e (size before relaxing)
 .comment       0x0000000000000054       0x28 nogcl/CMakeFiles/nogcl.dir/main.cpp.o
 .comment       0x0000000000000054       0x28 nog/libnog.a(nog.cpp.o)
 .comment       0x0000000000000054       0x2e /usr/bin/../lib/gcc/x86_64-linux-gnu/14/crtendS.o

.gnu.build.attributes
 *(.gnu.build.attributes .gnu.build.attributes.*)

.debug
 *(.debug)

.line
 *(.line)

.debug_srcinfo
 *(.debug_srcinfo)

.debug_sfnames
 *(.debug_sfnames)

.debug_aranges
 *(.debug_aranges)

.debug_pubnames
 *(.debug_pubnames)

.debug_info     0x0000000000000000     0x2bc9
 *(.debug_info .gnu.linkonce.wi.*)
 .debug_info    0x0000000000000000     0x15ff nogcl/CMakeFiles/nogcl.dir/main.cpp.o
 .debug_info    0x00000000000015ff     0x15ca nog/libnog.a(nog.cpp.o)

.debug_abbrev   0x0000000000000000      0x44a
 *(.debug_abbrev)
 .debug_abbrev  0x0000000000000000      0x231 nogcl/CMakeFiles/nogcl.dir/main.cpp.o
 .debug_abbrev  0x0000000000000231      0x219 nog/libnog.a(nog.cpp.o)

.debug_line     0x0000000000000000      0x1f8
 *(.debug_line .debug_line.* .debug_line_end)
 .debug_line    0x0000000000000000      0x108 nogcl/CMakeFiles/nogcl.dir/main.cpp.o
 .debug_line    0x0000000000000108       0xf0 nog/libnog.a(nog.cpp.o)

.debug_frame
 *(.debug_frame)

.debug_str      0x0000000000000000      0x88f
 *(.debug_str)
 .debug_str     0x0000000000000000      0x88f nogcl/CMakeFiles/nogcl.dir/main.cpp.o
                                        0x9c9 (size before relaxing)
 .debug_str     0x000000000000088f      0x9c9 nog/libnog.a(nog.cpp.o)

.debug_loc
 *(.debug_loc)

.debug_macinfo
 *(.debug_macinfo)

.debug_weaknames
 *(.debug_weaknames)

.debug_funcnames
 *(.debug_funcnames)

.debug_typenames
 *(.debug_typenames)

.debug_varnames
 *(.debug_varnames)

.debug_pubtypes
 *(.debug_pubtypes)

.debug_ranges
 *(.debug_ranges)

.debug_addr     0x0000000000000000       0x28
 *(.debug_addr)
 .debug_addr    0x0000000000000000       0x18 nogcl/CMakeFiles/nogcl.dir/main.cpp.o
 .debug_addr    0x0000000000000018       0x10 nog/libnog.a(nog.cpp.o)

.debug_line_str
                0x0000000000000000      0x2cb
 *(.debug_line_str)
 .debug_line_str
                0x0000000000000000      0x2cb nogcl/CMakeFiles/nogcl.dir/main.cpp.o
                                        0x2d6 (size before relaxing)
 .debug_line_str
                0x00000000000002cb      0x2d8 nog/libnog.a(nog.cpp.o)

.debug_loclists
 *(.debug_loclists)

.debug_macro
 *(.debug_macro)

.debug_names
 *(.debug_names)

.debug_rnglists
 *(.debug_rnglists)

.debug_str_offsets
                0x0000000000000000      0x82c
 *(.debug_str_offsets)
 .debug_str_offsets
                0x0000000000000000      0x418 nogcl/CMakeFiles/nogcl.dir/main.cpp.o
 .debug_str_offsets
                0x0000000000000418      0x414 nog/libnog.a(nog.cpp.o)

.debug_sup
 *(.debug_sup)

.gnu.attributes
 *(.gnu.attributes)

/DISCARD/
 *(.note.GNU-stack)
 *(.gnu_debuglink)
 *(.gnu.lto_*)
OUTPUT(nogcl/nogcl elf64-x86-64)
