
Merging program properties

Removed property 0xc0000002 to merge /lib/x86_64-linux-gnu/Scrt1.o (0x3) and scratch/CMakeFiles/scratch.dir/main.cpp.o (not found)
Removed property 0xc0000002 to merge /lib/x86_64-linux-gnu/Scrt1.o (not found) and /usr/bin/../lib/gcc/x86_64-linux-gnu/14/crtendS.o (0x3)
Removed property 0xc0000002 to merge /lib/x86_64-linux-gnu/Scrt1.o (not found) and /lib/x86_64-linux-gnu/crtn.o (0x3)

Discarded input sections

 .note.GNU-stack
                0x0000000000000000        0x0 /lib/x86_64-linux-gnu/Scrt1.o
 .note.gnu.property
                0x0000000000000000       0x20 /lib/x86_64-linux-gnu/crti.o
 .note.GNU-stack
                0x0000000000000000        0x0 /lib/x86_64-linux-gnu/crti.o
 .note.GNU-stack
                0x0000000000000000        0x0 /usr/bin/../lib/gcc/x86_64-linux-gnu/14/crtbeginS.o
 .note.gnu.property
                0x0000000000000000       0x20 /usr/bin/../lib/gcc/x86_64-linux-gnu/14/crtbeginS.o
 .group         0x0000000000000000        0xc scratch/CMakeFiles/scratch.dir/main.cpp.o
 .group         0x0000000000000000        0xc scratch/CMakeFiles/scratch.dir/main.cpp.o
 .group         0x0000000000000000        0xc scratch/CMakeFiles/scratch.dir/main.cpp.o
 .group         0x0000000000000000        0xc scratch/CMakeFiles/scratch.dir/main.cpp.o
 .group         0x0000000000000000        0xc scratch/CMakeFiles/scratch.dir/main.cpp.o
 .group         0x0000000000000000        0xc scratch/CMakeFiles/scratch.dir/main.cpp.o
 .group         0x0000000000000000        0xc scratch/CMakeFiles/scratch.dir/main.cpp.o
 .group         0x0000000000000000        0xc scratch/CMakeFiles/scratch.dir/main.cpp.o
 .group         0x0000000000000000        0x8 scratch/CMakeFiles/scratch.dir/main.cpp.o
 .group         0x0000000000000000        0xc scratch/CMakeFiles/scratch.dir/main.cpp.o
 .group         0x0000000000000000        0x8 scratch/CMakeFiles/scratch.dir/main.cpp.o
 .group         0x0000000000000000       0x10 scratch/CMakeFiles/scratch.dir/main.cpp.o
 .group         0x0000000000000000        0xc scratch/CMakeFiles/scratch.dir/main.cpp.o
 .group         0x0000000000000000        0xc scratch/CMakeFiles/scratch.dir/main.cpp.o
 .group         0x0000000000000000        0x8 scratch/CMakeFiles/scratch.dir/main.cpp.o
 .group         0x0000000000000000        0xc scratch/CMakeFiles/scratch.dir/main.cpp.o
 .group         0x0000000000000000        0xc scratch/CMakeFiles/scratch.dir/main.cpp.o
 .group         0x0000000000000000        0xc scratch/CMakeFiles/scratch.dir/main.cpp.o
 .group         0x0000000000000000        0xc scratch/CMakeFiles/scratch.dir/main.cpp.o
 .group         0x0000000000000000        0xc scratch/CMakeFiles/scratch.dir/main.cpp.o
 .group         0x0000000000000000        0xc scratch/CMakeFiles/scratch.dir/main.cpp.o
 .group         0x0000000000000000        0xc scratch/CMakeFiles/scratch.dir/main.cpp.o
 .group         0x0000000000000000        0xc scratch/CMakeFiles/scratch.dir/main.cpp.o
 .group         0x0000000000000000        0xc scratch/CMakeFiles/scratch.dir/main.cpp.o
 .group         0x0000000000000000        0xc scratch/CMakeFiles/scratch.dir/main.cpp.o
 .group         0x0000000000000000        0xc scratch/CMakeFiles/scratch.dir/main.cpp.o
 .group         0x0000000000000000        0x8 scratch/CMakeFiles/scratch.dir/main.cpp.o
 .group         0x0000000000000000        0xc scratch/CMakeFiles/scratch.dir/main.cpp.o
 .group         0x0000000000000000        0xc scratch/CMakeFiles/scratch.dir/main.cpp.o
 .group         0x0000000000000000        0xc scratch/CMakeFiles/scratch.dir/main.cpp.o
 .group         0x0000000000000000        0x8 scratch/CMakeFiles/scratch.dir/main.cpp.o
 .group         0x0000000000000000        0xc scratch/CMakeFiles/scratch.dir/main.cpp.o
 .group         0x0000000000000000        0xc scratch/CMakeFiles/scratch.dir/main.cpp.o
 .group         0x0000000000000000        0xc scratch/CMakeFiles/scratch.dir/main.cpp.o
 .group         0x0000000000000000        0x8 scratch/CMakeFiles/scratch.dir/main.cpp.o
 .group         0x0000000000000000        0x8 scratch/CMakeFiles/scratch.dir/main.cpp.o
 .group         0x0000000000000000        0xc scratch/CMakeFiles/scratch.dir/main.cpp.o
 .group         0x0000000000000000        0x8 scratch/CMakeFiles/scratch.dir/main.cpp.o
 .group         0x0000000000000000        0xc scratch/CMakeFiles/scratch.dir/main.cpp.o
 .group         0x0000000000000000        0xc scratch/CMakeFiles/scratch.dir/main.cpp.o
 .group         0x0000000000000000        0x8 scratch/CMakeFiles/scratch.dir/main.cpp.o
 .group         0x0000000000000000        0x8 scratch/CMakeFiles/scratch.dir/main.cpp.o
 .group         0x0000000000000000       0x10 scratch/CMakeFiles/scratch.dir/main.cpp.o
 .group         0x0000000000000000        0x8 scratch/CMakeFiles/scratch.dir/main.cpp.o
 .group         0x0000000000000000        0x8 scratch/CMakeFiles/scratch.dir/main.cpp.o
[...]
Memory Configuration

Name             Origin             Length             Attributes
*default*        0x0000000000000000 0xffffffffffffffff

Linker script and memory map

LOAD /lib/x86_64-linux-gnu/Scrt1.o
LOAD /lib/x86_64-linux-gnu/crti.o
LOAD /usr/bin/../lib/gcc/x86_64-linux-gnu/14/crtbeginS.o
LOAD scratch/CMakeFiles/scratch.dir/main.cpp.o
LOAD /usr/bin/../lib/gcc/x86_64-linux-gnu/14/libstdc++.so
LOAD /lib/x86_64-linux-gnu/libm.so
START GROUP
LOAD /lib/x86_64-linux-gnu/libm.so.6
LOAD /lib/x86_64-linux-gnu/libmvec.so.1
END GROUP
LOAD /usr/bin/../lib/gcc/x86_64-linux-gnu/14/libgcc_s.so
START GROUP
LOAD /lib/x86_64-linux-gnu/libgcc_s.so.1
LOAD /usr/bin/../lib/gcc/x86_64-linux-gnu/14/libgcc.a
END GROUP
LOAD /usr/bin/../lib/gcc/x86_64-linux-gnu/14/libgcc.a
LOAD /lib/x86_64-linux-gnu/libc.so
START GROUP
LOAD /lib/x86_64-linux-gnu/libc.so.6
LOAD /usr/lib/x86_64-linux-gnu/libc_nonshared.a
LOAD /lib64/ld-linux-x86-64.so.2
END GROUP
LOAD /usr/bin/../lib/gcc/x86_64-linux-gnu/14/libgcc_s.so
START GROUP
LOAD /lib/x86_64-linux-gnu/libgcc_s.so.1
LOAD /usr/bin/../lib/gcc/x86_64-linux-gnu/14/libgcc.a
END GROUP
LOAD /usr/bin/../lib/gcc/x86_64-linux-gnu/14/libgcc.a
LOAD /usr/bin/../lib/gcc/x86_64-linux-gnu/14/crtendS.o
LOAD /lib/x86_64-linux-gnu/crtn.o
                [!provide]                        PROVIDE (__executable_start = SEGMENT_START ("text-segment", 0x0))
                0x0000000000000318                . = (SEGMENT_START ("text-segment", 0x0) + SIZEOF_HEADERS)

.interp         0x0000000000000318       0x1c
 *(.interp)
 .interp        0x0000000000000318       0x1c /lib/x86_64-linux-gnu/Scrt1.o

.note.gnu.property
                0x0000000000000338       0x20
 .note.gnu.property
                0x0000000000000338       0x20 /lib/x86_64-linux-gnu/Scrt1.o

.note.gnu.build-id
                0x0000000000000358       0x24
 *(.note.gnu.build-id)
 .note.gnu.build-id
                0x0000000000000358       0x24 /lib/x86_64-linux-gnu/Scrt1.o

.note.ABI-tag   0x000000000000037c       0x20
 .note.ABI-tag  0x000000000000037c       0x20 /lib/x86_64-linux-gnu/Scrt1.o

.hash
 *(.hash)

.gnu.hash       0x00000000000003a0       0x24
 *(.gnu.hash)
 .gnu.hash      0x00000000000003a0       0x24 /lib/x86_64-linux-gnu/Scrt1.o

.dynsym         0x00000000000003c8      0x1f8
 *(.dynsym)
 .dynsym        0x00000000000003c8      0x1f8 /lib/x86_64-linux-gnu/Scrt1.o

.dynstr         0x00000000000005c0      0x25b
 *(.dynstr)
 .dynstr        0x00000000000005c0      0x25b /lib/x86_64-linux-gnu/Scrt1.o

.gnu.version    0x000000000000081c       0x2a
 *(.gnu.version)
 .gnu.version   0x000000000000081c       0x2a /lib/x86_64-linux-gnu/Scrt1.o

.gnu.version_d  0x0000000000000848        0x0
 *(.gnu.version_d)
 .gnu.version_d
                0x0000000000000848        0x0 /lib/x86_64-linux-gnu/Scrt1.o

.gnu.version_r  0x0000000000000848       0xa0
 *(.gnu.version_r)
 .gnu.version_r
                0x0000000000000848       0xa0 /lib/x86_64-linux-gnu/Scrt1.o

.rela.dyn       0x00000000000008e8      0x2d0
 *(.rela.init)
 *(.rela.text .rela.text.* .rela.gnu.linkonce.t.*)
 .rela.text._ZN7Speaker5ModelI3DogEC2ES1_
                0x00000000000008e8        0x0 /lib/x86_64-linux-gnu/Scrt1.o
 .rela.text._ZN7Speaker7ConceptC2Ev
                0x00000000000008e8        0x0 /lib/x86_64-linux-gnu/Scrt1.o
 .rela.text._ZN7Speaker5ModelI5RobotEC2ES1_
                0x00000000000008e8        0x0 /lib/x86_64-linux-gnu/Scrt1.o
 *(.rela.fini)
 *(.rela.rodata .rela.rodata.* .rela.gnu.linkonce.r.*)
 *(.rela.data .rela.data.* .rela.gnu.linkonce.d.*)
 .rela.data.rel.ro
                0x00000000000008e8        0x0 /lib/x86_64-linux-gnu/Scrt1.o
 .rela.data.rel.local
                0x00000000000008e8       0x18 /lib/x86_64-linux-gnu/Scrt1.o
 .rela.data.rel.ro._ZTVN7Speaker5ModelI3DogEE
                0x0000000000000900       0x60 /lib/x86_64-linux-gnu/Scrt1.o
 .rela.data.rel.ro._ZTIN7Speaker7ConceptE
                0x0000000000000960       0x30 /lib/x86_64-linux-gnu/Scrt1.o
 .rela.data.rel.ro._ZTIN7Speaker5ModelI3DogEE
                0x0000000000000990       0x48 /lib/x86_64-linux-gnu/Scrt1.o
 .rela.data.rel.ro._ZTVN7Speaker7ConceptE
                0x00000000000009d8       0x60 /lib/x86_64-linux-gnu/Scrt1.o
 .rela.data.rel.ro._ZTVN7Speaker5ModelI5RobotEE
                0x0000000000000a38       0x60 /lib/x86_64-linux-gnu/Scrt1.o
 .rela.data.rel.ro._ZTIN7Speaker5ModelI5RobotEE
                0x0000000000000a98       0x48 /lib/x86_64-linux-gnu/Scrt1.o
 .rela.data.DW.ref.__gxx_personality_v0
                0x0000000000000ae0       0x18 /lib/x86_64-linux-gnu/Scrt1.o
 *(.rela.tdata .rela.tdata.* .rela.gnu.linkonce.td.*)
 *(.rela.tbss .rela.tbss.* .rela.gnu.linkonce.tb.*)
 *(.rela.ctors)
 *(.rela.dtors)
 *(.rela.got)
 .rela.got      0x0000000000000af8       0x90 /lib/x86_64-linux-gnu/Scrt1.o
 *(.rela.bss .rela.bss.* .rela.gnu.linkonce.b.*)
 .rela.bss      0x0000000000000b88        0x0 /lib/x86_64-linux-gnu/Scrt1.o
 *(.rela.ldata .rela.ldata.* .rela.gnu.linkonce.l.*)
 *(.rela.lbss .rela.lbss.* .rela.gnu.linkonce.lb.*)
 *(.rela.lrodata .rela.lrodata.* .rela.gnu.linkonce.lr.*)
 *(.rela.ifunc)
 .rela.ifunc    0x0000000000000b88        0x0 /lib/x86_64-linux-gnu/Scrt1.o
 .rela.fini_array
                0x0000000000000b88       0x18 /lib/x86_64-linux-gnu/Scrt1.o
 .rela.init_array
                0x0000000000000ba0       0x18 /lib/x86_64-linux-gnu/Scrt1.o
 .rela.eh_frame
                0x0000000000000bb8        0x0 /lib/x86_64-linux-gnu/Scrt1.o

.rela.plt       0x0000000000000bb8       0xd8
 *(.rela.plt)
 .rela.plt      0x0000000000000bb8       0xd8 /lib/x86_64-linux-gnu/Scrt1.o
 *(.rela.iplt)

.relr.dyn
 *(.relr.dyn)
                0x0000000000001000                . = ALIGN (CONSTANT (MAXPAGESIZE))

.init           0x0000000000001000       0x1b
 *(SORT_NONE(.init))
 .init          0x0000000000001000       0x16 /lib/x86_64-linux-gnu/crti.o
                0x0000000000001000                _init
 .init          0x0000000000001016        0x5 /lib/x86_64-linux-gnu/crtn.o

.plt            0x0000000000001020       0xa0
 *(.plt)
 .plt           0x0000000000001020       0xa0 /lib/x86_64-linux-gnu/Scrt1.o
                0x0000000000001030                std::terminate()@@GLIBCXX_3.4
                0x0000000000001040                std::__throw_bad_alloc()@@GLIBCXX_3.4
                0x0000000000001050                __cxa_begin_catch@@CXXABI_1.3
                0x0000000000001060                std::__throw_length_error(char const*)@@GLIBCXX_3.4
                0x0000000000001070                std::__throw_bad_array_new_length()@@GLIBCXX_3.4.29
                0x0000000000001080                operator delete(void*)@@GLIBCXX_3.4
                0x0000000000001090                std::basic_ostream<char, std::char_traits<char> >& std::operator<< <std::char_traits<char> >(std::basic_ostream<char, std::char_traits<char> >&, char const*)@@GLIBCXX_3.4
                0x00000000000010a0                operator new(unsigned long)@@GLIBCXX_3.4
                0x00000000000010b0                _Unwind_Resume@@GCC_3.0
 *(.iplt)

.plt.got        0x00000000000010c0        0x8
 *(.plt.got)
 .plt.got       0x00000000000010c0        0x8 /lib/x86_64-linux-gnu/Scrt1.o
                0x00000000000010c0                __cxa_finalize@@GLIBC_2.2.5

.plt.sec
 *(.plt.sec)

.text           0x00000000000010d0     0x2182
 *(.text.unlikely .text.*_unlikely .text.unlikely.*)
 *(.text.exit .text.exit.*)
 *(.text.startup .text.startup.*)
 *(.text.hot .text.hot.*)
 *(SORT_BY_NAME(.text.sorted.*))
 *(.text .stub .text.* .gnu.linkonce.t.*)
 .text          0x00000000000010d0       0x26 /lib/x86_64-linux-gnu/Scrt1.o
                0x00000000000010d0                _start
 .text          0x00000000000010f6        0x0 /lib/x86_64-linux-gnu/crti.o
 *fill*         0x00000000000010f6        0xa 
 .text          0x0000000000001100       0xb9 /usr/bin/../lib/gcc/x86_64-linux-gnu/14/crtbeginS.o
 *fill*         0x00000000000011b9        0x7 
 .text          0x00000000000011c0      0x13f scratch/CMakeFiles/scratch.dir/main.cpp.o
                0x00000000000011c0                main
 *fill*         0x00000000000012ff        0x1 
 .text._ZNSt6vectorI7SpeakerSaIS0_EEC2Ev
                0x0000000000001300       0x1b scratch/CMakeFiles/scratch.dir/main.cpp.o
                0x0000000000001300                std::vector<Speaker, std::allocator<Speaker> >::vector()
 *fill*         0x000000000000131b        0x5 
 .text._ZNSt6vectorI7SpeakerSaIS0_EE9push_backEOS0_
                0x0000000000001320       0x23 scratch/CMakeFiles/scratch.dir/main.cpp.o
                0x0000000000001320                std::vector<Speaker, std::allocator<Speaker> >::push_back(Speaker&&)
 *fill*         0x0000000000001343        0xd 
 .text._ZN7SpeakerC2I3DogEET_
                0x0000000000001350       0x3d scratch/CMakeFiles/scratch.dir/main.cpp.o
                0x0000000000001350                Speaker::Speaker<Dog>(Dog)
 *fill*         0x000000000000138d        0x3 
 .text._ZN7SpeakerD2Ev
                0x0000000000001390       0x1b scratch/CMakeFiles/scratch.dir/main.cpp.o
                0x0000000000001390                Speaker::~Speaker()
 *fill*         0x00000000000013ab        0x5 
 .text._ZN7SpeakerC2I5RobotEET_
                0x00000000000013b0       0x3d scratch/CMakeFiles/scratch.dir/main.cpp.o
                0x00000000000013b0                Speaker::Speaker<Robot>(Robot)
 *fill*         0x00000000000013ed        0x3 
 .text._ZNSt6vectorI7SpeakerSaIS0_EE5beginEv
                0x00000000000013f0       0x23 scratch/CMakeFiles/scratch.dir/main.cpp.o
                0x00000000000013f0                std::vector<Speaker, std::allocator<Speaker> >::begin()
 *fill*         0x0000000000001413        0xd 
 .text._ZNSt6vectorI7SpeakerSaIS0_EE3endEv
                0x0000000000001420       0x27 scratch/CMakeFiles/scratch.dir/main.cpp.o
                0x0000000000001420                std::vector<Speaker, std::allocator<Speaker> >::end()
 *fill*         0x0000000000001447        0x9 
 .text._ZN9__gnu_cxxeqIP7SpeakerSt6vectorIS1_SaIS1_EEEEbRKNS_17__normal_iteratorIT_T0_EESB_QrqXeqcldtfp_4baseEcldtfp0_4baseERSt14convertible_toIbEE
                0x0000000000001450       0x41 scratch/CMakeFiles/scratch.dir/main.cpp.o
                0x0000000000001450                _ZN9__gnu_cxxeqIP7SpeakerSt6vectorIS1_SaIS1_EEEEbRKNS_17__normal_iteratorIT_T0_EESB_QrqXeqcldtfp_4baseEcldtfp0_4baseERSt14convertible_toIbEE
 *fill*         0x0000000000001491        0xf 
 .text._ZNK9__gnu_cxx17__normal_iteratorIP7SpeakerSt6vectorIS1_SaIS1_EEEdeEv
                0x00000000000014a0       0x11 scratch/CMakeFiles/scratch.dir/main.cpp.o
                0x00000000000014a0                __gnu_cxx::__normal_iterator<Speaker*, std::vector<Speaker, std::allocator<Speaker> > >::operator*() const
 *fill*         0x00000000000014b1        0xf 
 .text._ZNK7Speaker5speakEv
                0x00000000000014c0       0x24 scratch/CMakeFiles/scratch.dir/main.cpp.o
                0x00000000000014c0                Speaker::speak() const
 *fill*         0x00000000000014e4        0xc 
 .text._ZN9__gnu_cxx17__normal_iteratorIP7SpeakerSt6vectorIS1_SaIS1_EEEppEv
                0x00000000000014f0       0x18 scratch/CMakeFiles/scratch.dir/main.cpp.o
                0x00000000000014f0                __gnu_cxx::__normal_iterator<Speaker*, std::vector<Speaker, std::allocator<Speaker> > >::operator++()
 *fill*         0x0000000000001508        0x8 
 .text._ZNSt6vectorI7SpeakerSaIS0_EED2Ev
                0x0000000000001510       0x6a scratch/CMakeFiles/scratch.dir/main.cpp.o
                0x0000000000001510                std::vector<Speaker, std::allocator<Speaker> >::~vector()
 *fill*         0x000000000000157a        0x6 
 .text._ZNSt12_Vector_baseI7SpeakerSaIS0_EEC2Ev
                0x0000000000001580       0x1b scratch/CMakeFiles/scratch.dir/main.cpp.o
                0x0000000000001580                std::_Vector_base<Speaker, std::allocator<Speaker> >::_Vector_base()
 *fill*         0x000000000000159b        0x5 
 .text._ZNSt12_Vector_baseI7SpeakerSaIS0_EE12_Vector_implC2EvQ26is_default_constructible_vIN9__gnu_cxx14__alloc_traitsIT0_NS6_10value_typeEE6rebindIT_E5otherEE
                0x00000000000015a0       0x27 scratch/CMakeFiles/scratch.dir/main.cpp.o
                0x00000000000015a0                _ZNSt12_Vector_baseI7SpeakerSaIS0_EE12_Vector_implC2EvQ26is_default_constructible_vIN9__gnu_cxx14__alloc_traitsIT0_NS6_10value_typeEE6rebindIT_E5otherEE
 *fill*         0x00000000000015c7        0x9 
 .text._ZNSt12_Vector_baseI7SpeakerSaIS0_EE17_Vector_impl_dataC2Ev
                0x00000000000015d0       0x25 scratch/CMakeFiles/scratch.dir/main.cpp.o
                0x00000000000015d0                std::_Vector_base<Speaker, std::allocator<Speaker> >::_Vector_impl_data::_Vector_impl_data()
 *fill*         0x00000000000015f5        0xb 
 .text._ZNSt6vectorI7SpeakerSaIS0_EE12emplace_backIJS0_EEERS0_DpOT_
                0x0000000000001600       0x7c scratch/CMakeFiles/scratch.dir/main.cpp.o
                0x0000000000001600                Speaker& std::vector<Speaker, std::allocator<Speaker> >::emplace_back<Speaker>(Speaker&&)
 *fill*         0x000000000000167c        0x4 
 .text._ZNSt6vectorI7SpeakerSaIS0_EE17_M_realloc_appendIJS0_EEEvDpOT_
                0x0000000000001680      0x1a7 scratch/CMakeFiles/scratch.dir/main.cpp.o
                0x0000000000001680                void std::vector<Speaker, std::allocator<Speaker> >::_M_realloc_append<Speaker>(Speaker&&)
 *fill*         0x0000000000001827        0x9 
 .text._ZNSt6vectorI7SpeakerSaIS0_EE4backEv
                0x0000000000001830       0x3a scratch/CMakeFiles/scratch.dir/main.cpp.o
                0x0000000000001830                std::vector<Speaker, std::allocator<Speaker> >::back()
 *fill*         0x000000000000186a        0x6 
 .text._ZSt12construct_atI7SpeakerJS0_EEDTgsnwcvPvLi0E_T_pispclsr3stdE7declvalIT0_EEEEPS2_DpOS3_
                0x0000000000001870       0x2b scratch/CMakeFiles/scratch.dir/main.cpp.o
                0x0000000000001870                decltype (::new ((void*)(0)) Speaker((std::declval<Speaker>)())) std::construct_at<Speaker, Speaker>(Speaker*, Speaker&&)
 *fill*         0x000000000000189b        0x5 
 .text._ZN7SpeakerC2EOS_
                0x00000000000018a0       0x23 scratch/CMakeFiles/scratch.dir/main.cpp.o
                0x00000000000018a0                Speaker::Speaker(Speaker&&)
 *fill*         0x00000000000018c3        0xd 
 .text._ZNSt10unique_ptrIN7Speaker7ConceptESt14default_deleteIS1_EEC2EOS4_
                0x00000000000018d0       0x23 scratch/CMakeFiles/scratch.dir/main.cpp.o
                0x00000000000018d0                std::unique_ptr<Speaker::Concept, std::default_delete<Speaker::Concept> >::unique_ptr(std::unique_ptr<Speaker::Concept, std::default_delete<Speaker::Concept> >&&)
 *fill*         0x00000000000018f3        0xd 
 .text._ZNSt15__uniq_ptr_dataIN7Speaker7ConceptESt14default_deleteIS1_ELb1ELb1EEC2EOS4_
                0x0000000000001900       0x23 scratch/CMakeFiles/scratch.dir/main.cpp.o
                0x0000000000001900                std::__uniq_ptr_data<Speaker::Concept, std::default_delete<Speaker::Concept>, true, true>::__uniq_ptr_data(std::__uniq_ptr_data<Speaker::Concept, std::default_delete<Speaker::Concept>, true, true>&&)
 *fill*         0x0000000000001923        0xd 
 .text._ZNSt15__uniq_ptr_implIN7Speaker7ConceptESt14default_deleteIS1_EEC2EOS4_
                0x0000000000001930       0x33 scratch/CMakeFiles/scratch.dir/main.cpp.o
                0x0000000000001930                std::__uniq_ptr_impl<Speaker::Concept, std::default_delete<Speaker::Concept> >::__uniq_ptr_impl(std::__uniq_ptr_impl<Speaker::Concept, std::default_delete<Speaker::Concept> >&&)
 *fill*         0x0000000000001963        0xd 
 .text._ZNSt5tupleIJPN7Speaker7ConceptESt14default_deleteIS1_EEEC2EOS5_
                0x0000000000001970       0x23 scratch/CMakeFiles/scratch.dir/main.cpp.o
                0x0000000000001970                std::tuple<Speaker::Concept*, std::default_delete<Speaker::Concept> >::tuple(std::tuple<Speaker::Concept*, std::default_delete<Speaker::Concept> >&&)
 *fill*         0x0000000000001993        0xd 
 .text._ZNSt15__uniq_ptr_implIN7Speaker7ConceptESt14default_deleteIS1_EE6_M_ptrEv
                0x00000000000019a0       0x1b scratch/CMakeFiles/scratch.dir/main.cpp.o
                0x00000000000019a0                std::__uniq_ptr_impl<Speaker::Concept, std::default_delete<Speaker::Concept> >::_M_ptr()
 *fill*         0x00000000000019bb        0x5 
 .text._ZNSt11_Tuple_implILm0EJPN7Speaker7ConceptESt14default_deleteIS1_EEEC2EOS5_
                0x00000000000019c0       0x35 scratch/CMakeFiles/scratch.dir/main.cpp.o
                0x00000000000019c0                std::_Tuple_impl<0ul, Speaker::Concept*, std::default_delete<Speaker::Concept> >::_Tuple_impl(std::_Tuple_impl<0ul, Speaker::Concept*, std::default_delete<Speaker::Concept> >&&)
 *fill*         0x00000000000019f5        0xb 
 .text._ZNSt11_Tuple_implILm1EJSt14default_deleteIN7Speaker7ConceptEEEEC2EOS4_
                0x0000000000001a00        0xe scratch/CMakeFiles/scratch.dir/main.cpp.o
                0x0000000000001a00                std::_Tuple_impl<1ul, std::default_delete<Speaker::Concept> >::_Tuple_impl(std::_Tuple_impl<1ul, std::default_delete<Speaker::Concept> >&&)
 *fill*         0x0000000000001a0e        0x2 
 .text._ZSt3getILm0EJPN7Speaker7ConceptESt14default_deleteIS1_EEERNSt13tuple_elementIXT_ESt5tupleIJDpT0_EEE4typeERS9_
                0x0000000000001a10       0x1b scratch/CMakeFiles/scratch.dir/main.cpp.o
                0x0000000000001a10                std::tuple_element<0ul, std::tuple<Speaker::Concept*, std::default_delete<Speaker::Concept> > >::type& std::get<0ul, Speaker::Concept*, std::default_delete<Speaker::Concept> >(std::tuple<Speaker::Concept*, std::default_delete<Speaker::Concept> >&)
 *fill*         0x0000000000001a2b        0x5 
 .text._ZSt12__get_helperILm0EPN7Speaker7ConceptEJSt14default_deleteIS1_EEERT0_RSt11_Tuple_implIXT_EJS5_DpT1_EE
                0x0000000000001a30       0x1b scratch/CMakeFiles/scratch.dir/main.cpp.o
                0x0000000000001a30                Speaker::Concept*& std::__get_helper<0ul, Speaker::Concept*, std::default_delete<Speaker::Concept> >(std::_Tuple_impl<0ul, Speaker::Concept*, std::default_delete<Speaker::Concept> >&)
 *fill*         0x0000000000001a4b        0x5 
 .text._ZNSt11_Tuple_implILm0EJPN7Speaker7ConceptESt14default_deleteIS1_EEE7_M_headERS5_
                0x0000000000001a50       0x1b scratch/CMakeFiles/scratch.dir/main.cpp.o
                0x0000000000001a50                std::_Tuple_impl<0ul, Speaker::Concept*, std::default_delete<Speaker::Concept> >::_M_head(std::_Tuple_impl<0ul, Speaker::Concept*, std::default_delete<Speaker::Concept> >&)
 *fill*         0x0000000000001a6b        0x5 
 .text._ZNSt10_Head_baseILm0EPN7Speaker7ConceptELb0EE7_M_headERS3_
                0x0000000000001a70        0xe scratch/CMakeFiles/scratch.dir/main.cpp.o
                0x0000000000001a70                std::_Head_base<0ul, Speaker::Concept*, false>::_M_head(std::_Head_base<0ul, Speaker::Concept*, false>&)
 *fill*         0x0000000000001a7e        0x2 
 .text._ZNKSt6vectorI7SpeakerSaIS0_EE12_M_check_lenEmPKc
                0x0000000000001a80       0xe6 scratch/CMakeFiles/scratch.dir/main.cpp.o
                0x0000000000001a80                std::vector<Speaker, std::allocator<Speaker> >::_M_check_len(unsigned long, char const*) const
 *fill*         0x0000000000001b66        0xa 
 .text._ZN9__gnu_cxxmiIP7SpeakerSt6vectorIS1_SaIS1_EEEENS_17__normal_iteratorIT_T0_E15difference_typeERKS9_SC_
                0x0000000000001b70       0x40 scratch/CMakeFiles/scratch.dir/main.cpp.o
                0x0000000000001b70                __gnu_cxx::__normal_iterator<Speaker*, std::vector<Speaker, std::allocator<Speaker> > >::difference_type __gnu_cxx::operator-<Speaker*, std::vector<Speaker, std::allocator<Speaker> > >(__gnu_cxx::__normal_iterator<Speaker*, std::vector<Speaker, std::allocator<Speaker> > > const&, __gnu_cxx::__normal_iterator<Speaker*, std::vector<Speaker, std::allocator<Speaker> > > const&)
 .text._ZNSt12_Vector_baseI7SpeakerSaIS0_EE11_M_allocateEm
                0x0000000000001bb0       0x72 scratch/CMakeFiles/scratch.dir/main.cpp.o
                0x0000000000001bb0                std::_Vector_base<Speaker, std::allocator<Speaker> >::_M_allocate(unsigned long)
 *fill*         0x0000000000001c22        0xe 
 .text._ZZNSt6vectorI7SpeakerSaIS0_EE17_M_realloc_appendIJS0_EEEvDpOT_EN6_GuardC2EPS0_mRS1_
                0x0000000000001c30       0x31 scratch/CMakeFiles/scratch.dir/main.cpp.o
                0x0000000000001c30                std::vector<Speaker, std::allocator<Speaker> >::_M_realloc_append<Speaker>(Speaker&&)::_Guard::_Guard(Speaker*, unsigned long, std::allocator<Speaker>&)
 *fill*         0x0000000000001c61        0xf 
 .text._ZSt12__to_addressI7SpeakerEPT_S2_
                0x0000000000001c70        0xe scratch/CMakeFiles/scratch.dir/main.cpp.o
                0x0000000000001c70                Speaker* std::__to_address<Speaker>(Speaker*)
 *fill*         0x0000000000001c7e        0x2 
 .text._ZNSt6vectorI7SpeakerSaIS0_EE11_S_relocateEPS0_S3_S3_RS1_
                0x0000000000001c80       0x33 scratch/CMakeFiles/scratch.dir/main.cpp.o
                0x0000000000001c80                std::vector<Speaker, std::allocator<Speaker> >::_S_relocate(Speaker*, Speaker*, Speaker*, std::allocator<Speaker>&)
 *fill*         0x0000000000001cb3        0xd 
 .text._ZNSt12_Vector_baseI7SpeakerSaIS0_EE19_M_get_Tp_allocatorEv
                0x0000000000001cc0        0xe scratch/CMakeFiles/scratch.dir/main.cpp.o
                0x0000000000001cc0                std::_Vector_base<Speaker, std::allocator<Speaker> >::_M_get_Tp_allocator()
 *fill*         0x0000000000001cce        0x2 
 .text._ZZNSt6vectorI7SpeakerSaIS0_EE17_M_realloc_appendIJS0_EEEvDpOT_EN6_GuardD2Ev
                0x0000000000001cd0       0x72 scratch/CMakeFiles/scratch.dir/main.cpp.o
                0x0000000000001cd0                std::vector<Speaker, std::allocator<Speaker> >::_M_realloc_append<Speaker>(Speaker&&)::_Guard::~_Guard()
 *fill*         0x0000000000001d42        0xe 
 .text._ZNKSt6vectorI7SpeakerSaIS0_EE8max_sizeEv
                0x0000000000001d50       0x23 scratch/CMakeFiles/scratch.dir/main.cpp.o
                0x0000000000001d50                std::vector<Speaker, std::allocator<Speaker> >::max_size() const
 *fill*         0x0000000000001d73        0xd 
 .text._ZNKSt6vectorI7SpeakerSaIS0_EE4sizeEv
                0x0000000000001d80       0x1c scratch/CMakeFiles/scratch.dir/main.cpp.o
                0x0000000000001d80                std::vector<Speaker, std::allocator<Speaker> >::size() const
 *fill*         0x0000000000001d9c        0x4 
 .text._ZSt3maxImERKT_S2_S2_
                0x0000000000001da0       0x3b scratch/CMakeFiles/scratch.dir/main.cpp.o
                0x0000000000001da0                unsigned long const& std::max<unsigned long>(unsigned long const&, unsigned long const&)
 *fill*         0x0000000000001ddb        0x5 
 .text._ZNSt6vectorI7SpeakerSaIS0_EE11_S_max_sizeERKS1_
                0x0000000000001de0       0x5b scratch/CMakeFiles/scratch.dir/main.cpp.o
                0x0000000000001de0                std::vector<Speaker, std::allocator<Speaker> >::_S_max_size(std::allocator<Speaker> const&)
 *fill*         0x0000000000001e3b        0x5 
 .text._ZNKSt12_Vector_baseI7SpeakerSaIS0_EE19_M_get_Tp_allocatorEv
                0x0000000000001e40        0xe scratch/CMakeFiles/scratch.dir/main.cpp.o
                0x0000000000001e40                std::_Vector_base<Speaker, std::allocator<Speaker> >::_M_get_Tp_allocator() const
 *fill*         0x0000000000001e4e        0x2 
 .text._ZSt3minImERKT_S2_S2_
                0x0000000000001e50       0x3b scratch/CMakeFiles/scratch.dir/main.cpp.o
                0x0000000000001e50                unsigned long const& std::min<unsigned long>(unsigned long const&, unsigned long const&)
 *fill*         0x0000000000001e8b        0x5 
 .text.__clang_call_terminate
                0x0000000000001e90        0xe scratch/CMakeFiles/scratch.dir/main.cpp.o
                0x0000000000001e90                __clang_call_terminate
 *fill*         0x0000000000001e9e        0x2 
 .text._ZNK9__gnu_cxx17__normal_iteratorIP7SpeakerSt6vectorIS1_SaIS1_EEE4baseEv
                0x0000000000001ea0        0xe scratch/CMakeFiles/scratch.dir/main.cpp.o
                0x0000000000001ea0                __gnu_cxx::__normal_iterator<Speaker*, std::vector<Speaker, std::allocator<Speaker> > >::base() const
 *fill*         0x0000000000001eae        0x2 
 .text._ZNSt15__new_allocatorI7SpeakerE8allocateEmPKv
                0x0000000000001eb0       0x64 scratch/CMakeFiles/scratch.dir/main.cpp.o
                0x0000000000001eb0                std::__new_allocator<Speaker>::allocate(unsigned long, void const*)
 *fill*         0x0000000000001f14        0xc 
 .text._ZSt12__relocate_aIP7SpeakerS1_SaIS0_EET0_T_S4_S3_RT1_
                0x0000000000001f20       0x55 scratch/CMakeFiles/scratch.dir/main.cpp.o
                0x0000000000001f20                Speaker* std::__relocate_a<Speaker*, Speaker*, std::allocator<Speaker> >(Speaker*, Speaker*, Speaker*, std::allocator<Speaker>&)
 *fill*         0x0000000000001f75        0xb 
 .text._ZSt14__relocate_a_1IP7SpeakerS1_SaIS0_EET0_T_S4_S3_RT1_
                0x0000000000001f80       0x66 scratch/CMakeFiles/scratch.dir/main.cpp.o
                0x0000000000001f80                Speaker* std::__relocate_a_1<Speaker*, Speaker*, std::allocator<Speaker> >(Speaker*, Speaker*, Speaker*, std::allocator<Speaker>&)
 *fill*         0x0000000000001fe6        0xa 
 .text._ZSt12__niter_baseIP7SpeakerET_S2_
                0x0000000000001ff0        0xe scratch/CMakeFiles/scratch.dir/main.cpp.o
                0x0000000000001ff0                Speaker* std::__niter_base<Speaker*>(Speaker*)
 *fill*         0x0000000000001ffe        0x2 
 .text._ZSt19__relocate_object_aI7SpeakerS0_SaIS0_EEvPT_PT0_RT1_
                0x0000000000002000       0x65 scratch/CMakeFiles/scratch.dir/main.cpp.o
                0x0000000000002000                void std::__relocate_object_a<Speaker, Speaker, std::allocator<Speaker> >(Speaker*, Speaker*, std::allocator<Speaker>&)
 *fill*         0x0000000000002065        0xb 
 .text._ZSt10destroy_atI7SpeakerEvPT_
                0x0000000000002070       0x1b scratch/CMakeFiles/scratch.dir/main.cpp.o
                0x0000000000002070                void std::destroy_at<Speaker>(Speaker*)
 *fill*         0x000000000000208b        0x5 
 .text._ZNSt15__new_allocatorI7SpeakerE10deallocateEPS0_m
                0x0000000000002090       0x23 scratch/CMakeFiles/scratch.dir/main.cpp.o
                0x0000000000002090                std::__new_allocator<Speaker>::deallocate(Speaker*, unsigned long)
 *fill*         0x00000000000020b3        0xd 
 .text._ZNK9__gnu_cxx17__normal_iteratorIP7SpeakerSt6vectorIS1_SaIS1_EEEmiEl
                0x00000000000020c0       0x3f scratch/CMakeFiles/scratch.dir/main.cpp.o
                0x00000000000020c0                __gnu_cxx::__normal_iterator<Speaker*, std::vector<Speaker, std::allocator<Speaker> > >::operator-(long) const
 *fill*         0x00000000000020ff        0x1 
 .text._ZN9__gnu_cxx17__normal_iteratorIP7SpeakerSt6vectorIS1_SaIS1_EEEC2ERKS2_
                0x0000000000002100       0x1c scratch/CMakeFiles/scratch.dir/main.cpp.o
                0x0000000000002100                __gnu_cxx::__normal_iterator<Speaker*, std::vector<Speaker, std::allocator<Speaker> > >::__normal_iterator(Speaker* const&)
 *fill*         0x000000000000211c        0x4 
 .text._ZNSt10unique_ptrIN7Speaker7ConceptESt14default_deleteIS1_EED2Ev
                0x0000000000002120       0x66 scratch/CMakeFiles/scratch.dir/main.cpp.o
                0x0000000000002120                std::unique_ptr<Speaker::Concept, std::default_delete<Speaker::Concept> >::~unique_ptr()
 *fill*         0x0000000000002186        0xa 
 .text._ZNSt10unique_ptrIN7Speaker7ConceptESt14default_deleteIS1_EE11get_deleterEv
                0x0000000000002190       0x1b scratch/CMakeFiles/scratch.dir/main.cpp.o
                0x0000000000002190                std::unique_ptr<Speaker::Concept, std::default_delete<Speaker::Concept> >::get_deleter()
 *fill*         0x00000000000021ab        0x5 
 .text._ZNKSt14default_deleteIN7Speaker7ConceptEEclEPS1_
                0x00000000000021b0       0x32 scratch/CMakeFiles/scratch.dir/main.cpp.o
                0x00000000000021b0                std::default_delete<Speaker::Concept>::operator()(Speaker::Concept*) const
 *fill*         0x00000000000021e2        0xe 
 .text._ZNSt15__uniq_ptr_implIN7Speaker7ConceptESt14default_deleteIS1_EE10_M_deleterEv
                0x00000000000021f0       0x1b scratch/CMakeFiles/scratch.dir/main.cpp.o
                0x00000000000021f0                std::__uniq_ptr_impl<Speaker::Concept, std::default_delete<Speaker::Concept> >::_M_deleter()
 *fill*         0x000000000000220b        0x5 
 .text._ZSt3getILm1EJPN7Speaker7ConceptESt14default_deleteIS1_EEERNSt13tuple_elementIXT_ESt5tupleIJDpT0_EEE4typeERS9_
                0x0000000000002210       0x1b scratch/CMakeFiles/scratch.dir/main.cpp.o
                0x0000000000002210                std::tuple_element<1ul, std::tuple<Speaker::Concept*, std::default_delete<Speaker::Concept> > >::type& std::get<1ul, Speaker::Concept*, std::default_delete<Speaker::Concept> >(std::tuple<Speaker::Concept*, std::default_delete<Speaker::Concept> >&)
 *fill*         0x000000000000222b        0x5 
 .text._ZSt12__get_helperILm1ESt14default_deleteIN7Speaker7ConceptEEJEERT0_RSt11_Tuple_implIXT_EJS4_DpT1_EE
                0x0000000000002230       0x1b scratch/CMakeFiles/scratch.dir/main.cpp.o
                0x0000000000002230                std::default_delete<Speaker::Concept>& std::__get_helper<1ul, std::default_delete<Speaker::Concept>>(std::_Tuple_impl<1ul, std::default_delete<Speaker::Concept>>&)
 *fill*         0x000000000000224b        0x5 
 .text._ZNSt11_Tuple_implILm1EJSt14default_deleteIN7Speaker7ConceptEEEE7_M_headERS4_
                0x0000000000002250       0x1b scratch/CMakeFiles/scratch.dir/main.cpp.o
                0x0000000000002250                std::_Tuple_impl<1ul, std::default_delete<Speaker::Concept> >::_M_head(std::_Tuple_impl<1ul, std::default_delete<Speaker::Concept> >&)
 *fill*         0x000000000000226b        0x5 
 .text._ZNSt10_Head_baseILm1ESt14default_deleteIN7Speaker7ConceptEELb1EE7_M_headERS4_
                0x0000000000002270        0xe scratch/CMakeFiles/scratch.dir/main.cpp.o
                0x0000000000002270                std::_Head_base<1ul, std::default_delete<Speaker::Concept>, true>::_M_head(std::_Head_base<1ul, std::default_delete<Speaker::Concept>, true>&)
 *fill*         0x000000000000227e        0x2 
 .text._ZNKSt10unique_ptrIN7Speaker7ConceptESt14default_deleteIS1_EEptEv
                0x0000000000002280       0x1b scratch/CMakeFiles/scratch.dir/main.cpp.o
                0x0000000000002280                std::unique_ptr<Speaker::Concept, std::default_delete<Speaker::Concept> >::operator->() const
 *fill*         0x000000000000229b        0x5 
 .text._ZNKSt10unique_ptrIN7Speaker7ConceptESt14default_deleteIS1_EE3getEv
                0x00000000000022a0       0x1b scratch/CMakeFiles/scratch.dir/main.cpp.o
                0x00000000000022a0                std::unique_ptr<Speaker::Concept, std::default_delete<Speaker::Concept> >::get() const
 *fill*         0x00000000000022bb        0x5 
 .text._ZNKSt15__uniq_ptr_implIN7Speaker7ConceptESt14default_deleteIS1_EE6_M_ptrEv
                0x00000000000022c0       0x1e scratch/CMakeFiles/scratch.dir/main.cpp.o
                0x00000000000022c0                std::__uniq_ptr_impl<Speaker::Concept, std::default_delete<Speaker::Concept> >::_M_ptr() const
 *fill*         0x00000000000022de        0x2 
 .text._ZSt3getILm0EJPN7Speaker7ConceptESt14default_deleteIS1_EEERKNSt13tuple_elementIXT_ESt5tupleIJDpT0_EEE4typeERKS9_
                0x00000000000022e0       0x1b scratch/CMakeFiles/scratch.dir/main.cpp.o
                0x00000000000022e0                std::tuple_element<0ul, std::tuple<Speaker::Concept*, std::default_delete<Speaker::Concept> > >::type const& std::get<0ul, Speaker::Concept*, std::default_delete<Speaker::Concept> >(std::tuple<Speaker::Concept*, std::default_delete<Speaker::Concept> > const&)
 *fill*         0x00000000000022fb        0x5 
 .text._ZSt12__get_helperILm0EPN7Speaker7ConceptEJSt14default_deleteIS1_EEERKT0_RKSt11_Tuple_implIXT_EJS5_DpT1_EE
                0x0000000000002300       0x1b scratch/CMakeFiles/scratch.dir/main.cpp.o
                0x0000000000002300                Speaker::Concept* const& std::__get_helper<0ul, Speaker::Concept*, std::default_delete<Speaker::Concept> >(std::_Tuple_impl<0ul, Speaker::Concept*, std::default_delete<Speaker::Concept> > const&)
 *fill*         0x000000000000231b        0x5 
 .text._ZNSt11_Tuple_implILm0EJPN7Speaker7ConceptESt14default_deleteIS1_EEE7_M_headERKS5_
                0x0000000000002320       0x1b scratch/CMakeFiles/scratch.dir/main.cpp.o
                0x0000000000002320                std::_Tuple_impl<0ul, Speaker::Concept*, std::default_delete<Speaker::Concept> >::_M_head(std::_Tuple_impl<0ul, Speaker::Concept*, std::default_delete<Speaker::Concept> > const&)
 *fill*         0x000000000000233b        0x5 
 .text._ZNSt10_Head_baseILm0EPN7Speaker7ConceptELb0EE7_M_headERKS3_
                0x0000000000002340        0xe scratch/CMakeFiles/scratch.dir/main.cpp.o
                0x0000000000002340                std::_Head_base<0ul, Speaker::Concept*, false>::_M_head(std::_Head_base<0ul, Speaker::Concept*, false> const&)
 *fill*         0x000000000000234e        0x2 
 .text._ZNSt12_Vector_baseI7SpeakerSaIS0_EED2Ev
                0x0000000000002350       0x43 scratch/CMakeFiles/scratch.dir/main.cpp.o
                0x0000000000002350                std::_Vector_base<Speaker, std::allocator<Speaker> >::~_Vector_base()
 *fill*         0x0000000000002393        0xd 
 .text._ZSt8_DestroyIP7SpeakerEvT_S2_
                0x00000000000023a0       0x23 scratch/CMakeFiles/scratch.dir/main.cpp.o
                0x00000000000023a0                void std::_Destroy<Speaker*>(Speaker*, Speaker*)
 *fill*         0x00000000000023c3        0xd 
 .text._ZNSt12_Destroy_auxILb0EE9__destroyIP7SpeakerEEvT_S4_
                0x00000000000023d0       0x3e scratch/CMakeFiles/scratch.dir/main.cpp.o
                0x00000000000023d0                void std::_Destroy_aux<false>::__destroy<Speaker*>(Speaker*, Speaker*)
 *fill*         0x000000000000240e        0x2 
 .text._ZSt8_DestroyI7SpeakerEvPT_
                0x0000000000002410       0x1b scratch/CMakeFiles/scratch.dir/main.cpp.o
                0x0000000000002410                void std::_Destroy<Speaker>(Speaker*)
 *fill*         0x000000000000242b        0x5 
 .text._ZNSt12_Vector_baseI7SpeakerSaIS0_EE13_M_deallocateEPS0_m
                0x0000000000002430       0x6e scratch/CMakeFiles/scratch.dir/main.cpp.o
                0x0000000000002430                std::_Vector_base<Speaker, std::allocator<Speaker> >::_M_deallocate(Speaker*, unsigned long)
 *fill*         0x000000000000249e        0x2 
 .text._ZNSt12_Vector_baseI7SpeakerSaIS0_EE12_Vector_implD2Ev
                0x00000000000024a0       0x12 scratch/CMakeFiles/scratch.dir/main.cpp.o
                0x00000000000024a0                std::_Vector_base<Speaker, std::allocator<Speaker> >::_Vector_impl::~_Vector_impl()
 *fill*         0x00000000000024b2        0xe 
 .text._ZSt11make_uniqueIN7Speaker5ModelI3DogEEJS2_EENSt8__detail9_MakeUniqIT_E15__single_objectEDpOT0_
                0x00000000000024c0       0x6e scratch/CMakeFiles/scratch.dir/main.cpp.o
                0x00000000000024c0                std::__detail::_MakeUniq<Speaker::Model<Dog> >::__single_object std::make_unique<Speaker::Model<Dog>, Dog>(Dog&&)
 *fill*         0x000000000000252e        0x2 
 .text._ZNSt10unique_ptrIN7Speaker7ConceptESt14default_deleteIS1_EEC2INS0_5ModelI3DogEES2_IS8_EvEEOS_IT_T0_E
                0x0000000000002530       0x51 scratch/CMakeFiles/scratch.dir/main.cpp.o
                0x0000000000002530                std::unique_ptr<Speaker::Concept, std::default_delete<Speaker::Concept> >::unique_ptr<Speaker::Model<Dog>, std::default_delete<Speaker::Model<Dog> >, void>(std::unique_ptr<Speaker::Model<Dog>, std::default_delete<Speaker::Model<Dog> > >&&)
 *fill*         0x0000000000002581        0xf 
 .text._ZNSt10unique_ptrIN7Speaker5ModelI3DogEESt14default_deleteIS3_EED2Ev
                0x0000000000002590       0x66 scratch/CMakeFiles/scratch.dir/main.cpp.o
                0x0000000000002590                std::unique_ptr<Speaker::Model<Dog>, std::default_delete<Speaker::Model<Dog> > >::~unique_ptr()
 *fill*         0x00000000000025f6        0xa 
 .text._ZN7Speaker5ModelI3DogEC2ES1_
                0x0000000000002600       0x31 scratch/CMakeFiles/scratch.dir/main.cpp.o
                0x0000000000002600                Speaker::Model<Dog>::Model(Dog)
 *fill*         0x0000000000002631        0xf 
 .text._ZNSt10unique_ptrIN7Speaker5ModelI3DogEESt14default_deleteIS3_EEC2IS5_vEEPS3_
                0x0000000000002640       0x30 scratch/CMakeFiles/scratch.dir/main.cpp.o
                0x0000000000002640                std::unique_ptr<Speaker::Model<Dog>, std::default_delete<Speaker::Model<Dog> > >::unique_ptr<std::default_delete<Speaker::Model<Dog> >, void>(Speaker::Model<Dog>*)
 .text._ZN7Speaker7ConceptC2Ev
                0x0000000000002670       0x1c scratch/CMakeFiles/scratch.dir/main.cpp.o
                0x0000000000002670                Speaker::Concept::Concept()
 *fill*         0x000000000000268c        0x4 
 .text._ZN7Speaker5ModelI3DogED2Ev
                0x0000000000002690       0x1b scratch/CMakeFiles/scratch.dir/main.cpp.o
                0x0000000000002690                Speaker::Model<Dog>::~Model()
 *fill*         0x00000000000026ab        0x5 
 .text._ZN7Speaker5ModelI3DogED0Ev
                0x00000000000026b0       0x28 scratch/CMakeFiles/scratch.dir/main.cpp.o
                0x00000000000026b0                Speaker::Model<Dog>::~Model()
 *fill*         0x00000000000026d8        0x8 
 .text._ZNK7Speaker5ModelI3DogE10speak_implEv
                0x00000000000026e0       0x1f scratch/CMakeFiles/scratch.dir/main.cpp.o
                0x00000000000026e0                Speaker::Model<Dog>::speak_impl() const
 *fill*         0x00000000000026ff        0x1 
 .text._ZN7Speaker7ConceptD2Ev
                0x0000000000002700        0xa scratch/CMakeFiles/scratch.dir/main.cpp.o
                0x0000000000002700                Speaker::Concept::~Concept()
 *fill*         0x000000000000270a        0x6 
 .text._ZN7Speaker7ConceptD0Ev
                0x0000000000002710        0xa scratch/CMakeFiles/scratch.dir/main.cpp.o
                0x0000000000002710                Speaker::Concept::~Concept()
 *fill*         0x000000000000271a        0x6 
 .text._ZNK3Dog5speakEv
                0x0000000000002720       0x25 scratch/CMakeFiles/scratch.dir/main.cpp.o
                0x0000000000002720                Dog::speak() const
 *fill*         0x0000000000002745        0xb 
 .text._ZNSt15__uniq_ptr_dataIN7Speaker5ModelI3DogEESt14default_deleteIS3_ELb1ELb1EECI2St15__uniq_ptr_implIS3_S5_EEPS3_
                0x0000000000002750       0x23 scratch/CMakeFiles/scratch.dir/main.cpp.o
                0x0000000000002750                std::__uniq_ptr_data<Speaker::Model<Dog>, std::default_delete<Speaker::Model<Dog> >, true, true>::__uniq_ptr_impl(Speaker::Model<Dog>*)
 *fill*         0x0000000000002773        0xd 
 .text._ZNSt15__uniq_ptr_implIN7Speaker5ModelI3DogEESt14default_deleteIS3_EEC2EPS3_
                0x0000000000002780       0x3b scratch/CMakeFiles/scratch.dir/main.cpp.o
                0x0000000000002780                std::__uniq_ptr_impl<Speaker::Model<Dog>, std::default_delete<Speaker::Model<Dog> > >::__uniq_ptr_impl(Speaker::Model<Dog>*)
 *fill*         0x00000000000027bb        0x5 
 .text._ZNSt5tupleIJPN7Speaker5ModelI3DogEESt14default_deleteIS3_EEEC2EvQfraa26is_default_constructible_vIT_E
                0x00000000000027c0       0x28 scratch/CMakeFiles/scratch.dir/main.cpp.o
                0x00000000000027c0                _ZNSt5tupleIJPN7Speaker5ModelI3DogEESt14default_deleteIS3_EEEC2EvQfraa26is_default_constructible_vIT_E
 *fill*         0x00000000000027e8        0x8 
 .text._ZNSt15__uniq_ptr_implIN7Speaker5ModelI3DogEESt14default_deleteIS3_EE6_M_ptrEv
                0x00000000000027f0       0x1b scratch/CMakeFiles/scratch.dir/main.cpp.o
                0x00000000000027f0                std::__uniq_ptr_impl<Speaker::Model<Dog>, std::default_delete<Speaker::Model<Dog> > >::_M_ptr()
 *fill*         0x000000000000280b        0x5 
 .text._ZNSt11_Tuple_implILm0EJPN7Speaker5ModelI3DogEESt14default_deleteIS3_EEEC2Ev
                0x0000000000002810       0x28 scratch/CMakeFiles/scratch.dir/main.cpp.o
                0x0000000000002810                std::_Tuple_impl<0ul, Speaker::Model<Dog>*, std::default_delete<Speaker::Model<Dog> > >::_Tuple_impl()
 *fill*         0x0000000000002838        0x8 
 .text._ZNSt11_Tuple_implILm1EJSt14default_deleteIN7Speaker5ModelI3DogEEEEEC2Ev
                0x0000000000002840       0x1b scratch/CMakeFiles/scratch.dir/main.cpp.o
                0x0000000000002840                std::_Tuple_impl<1ul, std::default_delete<Speaker::Model<Dog> > >::_Tuple_impl()
 *fill*         0x000000000000285b        0x5 
 .text._ZNSt10_Head_baseILm0EPN7Speaker5ModelI3DogEELb0EEC2Ev
                0x0000000000002860       0x15 scratch/CMakeFiles/scratch.dir/main.cpp.o
                0x0000000000002860                std::_Head_base<0ul, Speaker::Model<Dog>*, false>::_Head_base()
 *fill*         0x0000000000002875        0xb 
 .text._ZNSt10_Head_baseILm1ESt14default_deleteIN7Speaker5ModelI3DogEEELb1EEC2Ev
                0x0000000000002880        0xa scratch/CMakeFiles/scratch.dir/main.cpp.o
                0x0000000000002880                std::_Head_base<1ul, std::default_delete<Speaker::Model<Dog> >, true>::_Head_base()
 *fill*         0x000000000000288a        0x6 
 .text._ZSt3getILm0EJPN7Speaker5ModelI3DogEESt14default_deleteIS3_EEERNSt13tuple_elementIXT_ESt5tupleIJDpT0_EEE4typeERSB_
                0x0000000000002890       0x1b scratch/CMakeFiles/scratch.dir/main.cpp.o
                0x0000000000002890                std::tuple_element<0ul, std::tuple<Speaker::Model<Dog>*, std::default_delete<Speaker::Model<Dog> > > >::type& std::get<0ul, Speaker::Model<Dog>*, std::default_delete<Speaker::Model<Dog> > >(std::tuple<Speaker::Model<Dog>*, std::default_delete<Speaker::Model<Dog> > >&)
 *fill*         0x00000000000028ab        0x5 
 .text._ZSt12__get_helperILm0EPN7Speaker5ModelI3DogEEJSt14default_deleteIS3_EEERT0_RSt11_Tuple_implIXT_EJS7_DpT1_EE
                0x00000000000028b0       0x1b scratch/CMakeFiles/scratch.dir/main.cpp.o
                0x00000000000028b0                Speaker::Model<Dog>*& std::__get_helper<0ul, Speaker::Model<Dog>*, std::default_delete<Speaker::Model<Dog> > >(std::_Tuple_impl<0ul, Speaker::Model<Dog>*, std::default_delete<Speaker::Model<Dog> > >&)
 *fill*         0x00000000000028cb        0x5 
 .text._ZNSt11_Tuple_implILm0EJPN7Speaker5ModelI3DogEESt14default_deleteIS3_EEE7_M_headERS7_
                0x00000000000028d0       0x1b scratch/CMakeFiles/scratch.dir/main.cpp.o
                0x00000000000028d0                std::_Tuple_impl<0ul, Speaker::Model<Dog>*, std::default_delete<Speaker::Model<Dog> > >::_M_head(std::_Tuple_impl<0ul, Speaker::Model<Dog>*, std::default_delete<Speaker::Model<Dog> > >&)
 *fill*         0x00000000000028eb        0x5 
 .text._ZNSt10_Head_baseILm0EPN7Speaker5ModelI3DogEELb0EE7_M_headERS5_
                0x00000000000028f0        0xe scratch/CMakeFiles/scratch.dir/main.cpp.o
                0x00000000000028f0                std::_Head_base<0ul, Speaker::Model<Dog>*, false>::_M_head(std::_Head_base<0ul, Speaker::Model<Dog>*, false>&)
 *fill*         0x00000000000028fe        0x2 
 .text._ZNSt10unique_ptrIN7Speaker5ModelI3DogEESt14default_deleteIS3_EE7releaseEv
                0x0000000000002900       0x1b scratch/CMakeFiles/scratch.dir/main.cpp.o
                0x0000000000002900                std::unique_ptr<Speaker::Model<Dog>, std::default_delete<Speaker::Model<Dog> > >::release()
 *fill*         0x000000000000291b        0x5 
 .text._ZNSt10unique_ptrIN7Speaker5ModelI3DogEESt14default_deleteIS3_EE11get_deleterEv
                0x0000000000002920       0x1b scratch/CMakeFiles/scratch.dir/main.cpp.o
                0x0000000000002920                std::unique_ptr<Speaker::Model<Dog>, std::default_delete<Speaker::Model<Dog> > >::get_deleter()
 *fill*         0x000000000000293b        0x5 
 .text._ZNSt15__uniq_ptr_dataIN7Speaker7ConceptESt14default_deleteIS1_ELb1ELb1EECI2St15__uniq_ptr_implIS1_S3_EIS2_INS0_5ModelI3DogEEEEEPS1_OT_
                0x0000000000002940       0x2b scratch/CMakeFiles/scratch.dir/main.cpp.o
                0x0000000000002940                std::__uniq_ptr_data<Speaker::Concept, std::default_delete<Speaker::Concept>, true, true>::__uniq_ptr_impl<std::default_delete<Speaker::Model<Dog> > >(Speaker::Concept*, std::default_delete<Speaker::Model<Dog> >&&)
 *fill*         0x000000000000296b        0x5 
 .text._ZNSt15__uniq_ptr_implIN7Speaker5ModelI3DogEESt14default_deleteIS3_EE7releaseEv
                0x0000000000002970       0x3a scratch/CMakeFiles/scratch.dir/main.cpp.o
                0x0000000000002970                std::__uniq_ptr_impl<Speaker::Model<Dog>, std::default_delete<Speaker::Model<Dog> > >::release()
 *fill*         0x00000000000029aa        0x6 
 .text._ZNSt15__uniq_ptr_implIN7Speaker5ModelI3DogEESt14default_deleteIS3_EE10_M_deleterEv
                0x00000000000029b0       0x1b scratch/CMakeFiles/scratch.dir/main.cpp.o
                0x00000000000029b0                std::__uniq_ptr_impl<Speaker::Model<Dog>, std::default_delete<Speaker::Model<Dog> > >::_M_deleter()
 *fill*         0x00000000000029cb        0x5 
 .text._ZSt3getILm1EJPN7Speaker5ModelI3DogEESt14default_deleteIS3_EEERNSt13tuple_elementIXT_ESt5tupleIJDpT0_EEE4typeERSB_
                0x00000000000029d0       0x1b scratch/CMakeFiles/scratch.dir/main.cpp.o
                0x00000000000029d0                std::tuple_element<1ul, std::tuple<Speaker::Model<Dog>*, std::default_delete<Speaker::Model<Dog> > > >::type& std::get<1ul, Speaker::Model<Dog>*, std::default_delete<Speaker::Model<Dog> > >(std::tuple<Speaker::Model<Dog>*, std::default_delete<Speaker::Model<Dog> > >&)
 *fill*         0x00000000000029eb        0x5 
 .text._ZSt12__get_helperILm1ESt14default_deleteIN7Speaker5ModelI3DogEEEJEERT0_RSt11_Tuple_implIXT_EJS6_DpT1_EE
                0x00000000000029f0       0x1b scratch/CMakeFiles/scratch.dir/main.cpp.o
                0x00000000000029f0                std::default_delete<Speaker::Model<Dog> >& std::__get_helper<1ul, std::default_delete<Speaker::Model<Dog> >>(std::_Tuple_impl<1ul, std::default_delete<Speaker::Model<Dog> >>&)
 *fill*         0x0000000000002a0b        0x5 
 .text._ZNSt11_Tuple_implILm1EJSt14default_deleteIN7Speaker5ModelI3DogEEEEE7_M_headERS6_
                0x0000000000002a10       0x1b scratch/CMakeFiles/scratch.dir/main.cpp.o
                0x0000000000002a10                std::_Tuple_impl<1ul, std::default_delete<Speaker::Model<Dog> > >::_M_head(std::_Tuple_impl<1ul, std::default_delete<Speaker::Model<Dog> > >&)
 *fill*         0x0000000000002a2b        0x5 
 .text._ZNSt10_Head_baseILm1ESt14default_deleteIN7Speaker5ModelI3DogEEELb1EE7_M_headERS6_
                0x0000000000002a30        0xe scratch/CMakeFiles/scratch.dir/main.cpp.o
                0x0000000000002a30                std::_Head_base<1ul, std::default_delete<Speaker::Model<Dog> >, true>::_M_head(std::_Head_base<1ul, std::default_delete<Speaker::Model<Dog> >, true>&)
 *fill*         0x0000000000002a3e        0x2 
 .text._ZNSt15__uniq_ptr_implIN7Speaker7ConceptESt14default_deleteIS1_EEC2IS2_INS0_5ModelI3DogEEEEEPS1_OT_
                0x0000000000002a40       0x2b scratch/CMakeFiles/scratch.dir/main.cpp.o
                0x0000000000002a40                std::__uniq_ptr_impl<Speaker::Concept, std::default_delete<Speaker::Concept> >::__uniq_ptr_impl<std::default_delete<Speaker::Model<Dog> > >(Speaker::Concept*, std::default_delete<Speaker::Model<Dog> >&&)
 *fill*         0x0000000000002a6b        0x5 
 .text._ZNSt5tupleIJPN7Speaker7ConceptESt14default_deleteIS1_EEEC2IJRS2_S3_INS0_5ModelI3DogEEEEQaaaacl27__disambiguating_constraintIDpTL0__EEcl15__constructibleISD_EEntcl9__danglesISD_EEEEDpOT_
                0x0000000000002a70       0x38 scratch/CMakeFiles/scratch.dir/main.cpp.o
                0x0000000000002a70                _ZNSt5tupleIJPN7Speaker7ConceptESt14default_deleteIS1_EEEC2IJRS2_S3_INS0_5ModelI3DogEEEEQaaaacl27__disambiguating_constraintIDpTL0__EEcl15__constructibleISD_EEntcl9__danglesISD_EEEEDpOT_
 *fill*         0x0000000000002aa8        0x8 
 .text._ZNSt11_Tuple_implILm0EJPN7Speaker7ConceptESt14default_deleteIS1_EEEC2IRS2_JS3_INS0_5ModelI3DogEEEEvEEOT_DpOT0_
                0x0000000000002ab0       0x38 scratch/CMakeFiles/scratch.dir/main.cpp.o
                0x0000000000002ab0                std::_Tuple_impl<0ul, Speaker::Concept*, std::default_delete<Speaker::Concept> >::_Tuple_impl<Speaker::Concept*&, std::default_delete<Speaker::Model<Dog> >, void>(Speaker::Concept*&, std::default_delete<Speaker::Model<Dog> >&&)
 *fill*         0x0000000000002ae8        0x8 
 .text._ZNSt11_Tuple_implILm1EJSt14default_deleteIN7Speaker7ConceptEEEEC2IS0_INS1_5ModelI3DogEEEEEOT_
                0x0000000000002af0       0x23 scratch/CMakeFiles/scratch.dir/main.cpp.o
                0x0000000000002af0                std::_Tuple_impl<1ul, std::default_delete<Speaker::Concept> >::_Tuple_impl<std::default_delete<Speaker::Model<Dog> > >(std::default_delete<Speaker::Model<Dog> >&&)
 *fill*         0x0000000000002b13        0xd 
 .text._ZNSt10_Head_baseILm0EPN7Speaker7ConceptELb0EEC2IRS2_EEOT_
                0x0000000000002b20       0x1c scratch/CMakeFiles/scratch.dir/main.cpp.o
                0x0000000000002b20                std::_Head_base<0ul, Speaker::Concept*, false>::_Head_base<Speaker::Concept*&>(Speaker::Concept*&)
 *fill*         0x0000000000002b3c        0x4 
 .text._ZNSt10_Head_baseILm1ESt14default_deleteIN7Speaker7ConceptEELb1EEC2IS0_INS1_5ModelI3DogEEEEEOT_
                0x0000000000002b40       0x23 scratch/CMakeFiles/scratch.dir/main.cpp.o
                0x0000000000002b40                std::_Head_base<1ul, std::default_delete<Speaker::Concept>, true>::_Head_base<std::default_delete<Speaker::Model<Dog> > >(std::default_delete<Speaker::Model<Dog> >&&)
 *fill*         0x0000000000002b63        0xd 
 .text._ZNSt14default_deleteIN7Speaker7ConceptEEC2INS0_5ModelI3DogEEvEERKS_IT_E
                0x0000000000002b70        0xe scratch/CMakeFiles/scratch.dir/main.cpp.o
                0x0000000000002b70                std::default_delete<Speaker::Concept>::default_delete<Speaker::Model<Dog>, void>(std::default_delete<Speaker::Model<Dog> > const&)
 *fill*         0x0000000000002b7e        0x2 
 .text._ZNKSt14default_deleteIN7Speaker5ModelI3DogEEEclEPS3_
                0x0000000000002b80       0x32 scratch/CMakeFiles/scratch.dir/main.cpp.o
                0x0000000000002b80                std::default_delete<Speaker::Model<Dog> >::operator()(Speaker::Model<Dog>*) const
 *fill*         0x0000000000002bb2        0xe 
 .text._ZSt11make_uniqueIN7Speaker5ModelI5RobotEEJS2_EENSt8__detail9_MakeUniqIT_E15__single_objectEDpOT0_
                0x0000000000002bc0       0x6e scratch/CMakeFiles/scratch.dir/main.cpp.o
                0x0000000000002bc0                std::__detail::_MakeUniq<Speaker::Model<Robot> >::__single_object std::make_unique<Speaker::Model<Robot>, Robot>(Robot&&)
 *fill*         0x0000000000002c2e        0x2 
 .text._ZNSt10unique_ptrIN7Speaker7ConceptESt14default_deleteIS1_EEC2INS0_5ModelI5RobotEES2_IS8_EvEEOS_IT_T0_E
                0x0000000000002c30       0x51 scratch/CMakeFiles/scratch.dir/main.cpp.o
                0x0000000000002c30                std::unique_ptr<Speaker::Concept, std::default_delete<Speaker::Concept> >::unique_ptr<Speaker::Model<Robot>, std::default_delete<Speaker::Model<Robot> >, void>(std::unique_ptr<Speaker::Model<Robot>, std::default_delete<Speaker::Model<Robot> > >&&)
 *fill*         0x0000000000002c81        0xf 
 .text._ZNSt10unique_ptrIN7Speaker5ModelI5RobotEESt14default_deleteIS3_EED2Ev
                0x0000000000002c90       0x66 scratch/CMakeFiles/scratch.dir/main.cpp.o
                0x0000000000002c90                std::unique_ptr<Speaker::Model<Robot>, std::default_delete<Speaker::Model<Robot> > >::~unique_ptr()
 *fill*         0x0000000000002cf6        0xa 
 .text._ZN7Speaker5ModelI5RobotEC2ES1_
                0x0000000000002d00       0x31 scratch/CMakeFiles/scratch.dir/main.cpp.o
                0x0000000000002d00                Speaker::Model<Robot>::Model(Robot)
 *fill*         0x0000000000002d31        0xf 
 .text._ZNSt10unique_ptrIN7Speaker5ModelI5RobotEESt14default_deleteIS3_EEC2IS5_vEEPS3_
                0x0000000000002d40       0x30 scratch/CMakeFiles/scratch.dir/main.cpp.o
                0x0000000000002d40                std::unique_ptr<Speaker::Model<Robot>, std::default_delete<Speaker::Model<Robot> > >::unique_ptr<std::default_delete<Speaker::Model<Robot> >, void>(Speaker::Model<Robot>*)
 .text._ZN7Speaker5ModelI5RobotED2Ev
                0x0000000000002d70       0x1b scratch/CMakeFiles/scratch.dir/main.cpp.o
                0x0000000000002d70                Speaker::Model<Robot>::~Model()
 *fill*         0x0000000000002d8b        0x5 
 .text._ZN7Speaker5ModelI5RobotED0Ev
                0x0000000000002d90       0x28 scratch/CMakeFiles/scratch.dir/main.cpp.o
                0x0000000000002d90                Speaker::Model<Robot>::~Model()
 *fill*         0x0000000000002db8        0x8 
 .text._ZNK7Speaker5ModelI5RobotE10speak_implEv
                0x0000000000002dc0       0x1f scratch/CMakeFiles/scratch.dir/main.cpp.o
                0x0000000000002dc0                Speaker::Model<Robot>::speak_impl() const
 *fill*         0x0000000000002ddf        0x1 
 .text._ZNK5Robot5speakEv
                0x0000000000002de0       0x25 scratch/CMakeFiles/scratch.dir/main.cpp.o
                0x0000000000002de0                Robot::speak() const
 *fill*         0x0000000000002e05        0xb 
 .text._ZNSt15__uniq_ptr_dataIN7Speaker5ModelI5RobotEESt14default_deleteIS3_ELb1ELb1EECI2St15__uniq_ptr_implIS3_S5_EEPS3_
                0x0000000000002e10       0x23 scratch/CMakeFiles/scratch.dir/main.cpp.o
                0x0000000000002e10                std::__uniq_ptr_data<Speaker::Model<Robot>, std::default_delete<Speaker::Model<Robot> >, true, true>::__uniq_ptr_impl(Speaker::Model<Robot>*)
 *fill*         0x0000000000002e33        0xd 
 .text._ZNSt15__uniq_ptr_implIN7Speaker5ModelI5RobotEESt14default_deleteIS3_EEC2EPS3_
                0x0000000000002e40       0x3b scratch/CMakeFiles/scratch.dir/main.cpp.o
                0x0000000000002e40                std::__uniq_ptr_impl<Speaker::Model<Robot>, std::default_delete<Speaker::Model<Robot> > >::__uniq_ptr_impl(Speaker::Model<Robot>*)
 *fill*         0x0000000000002e7b        0x5 
 .text._ZNSt5tupleIJPN7Speaker5ModelI5RobotEESt14default_deleteIS3_EEEC2EvQfraa26is_default_constructible_vIT_E
                0x0000000000002e80       0x28 scratch/CMakeFiles/scratch.dir/main.cpp.o
                0x0000000000002e80                _ZNSt5tupleIJPN7Speaker5ModelI5RobotEESt14default_deleteIS3_EEEC2EvQfraa26is_default_constructible_vIT_E
 *fill*         0x0000000000002ea8        0x8 
 .text._ZNSt15__uniq_ptr_implIN7Speaker5ModelI5RobotEESt14default_deleteIS3_EE6_M_ptrEv
                0x0000000000002eb0       0x1b scratch/CMakeFiles/scratch.dir/main.cpp.o
                0x0000000000002eb0                std::__uniq_ptr_impl<Speaker::Model<Robot>, std::default_delete<Speaker::Model<Robot> > >::_M_ptr()
 *fill*         0x0000000000002ecb        0x5 
 .text._ZNSt11_Tuple_implILm0EJPN7Speaker5ModelI5RobotEESt14default_deleteIS3_EEEC2Ev
                0x0000000000002ed0       0x28 scratch/CMakeFiles/scratch.dir/main.cpp.o
                0x0000000000002ed0                std::_Tuple_impl<0ul, Speaker::Model<Robot>*, std::default_delete<Speaker::Model<Robot> > >::_Tuple_impl()
 *fill*         0x0000000000002ef8        0x8 
 .text._ZNSt11_Tuple_implILm1EJSt14default_deleteIN7Speaker5ModelI5RobotEEEEEC2Ev
                0x0000000000002f00       0x1b scratch/CMakeFiles/scratch.dir/main.cpp.o
                0x0000000000002f00                std::_Tuple_impl<1ul, std::default_delete<Speaker::Model<Robot> > >::_Tuple_impl()
 *fill*         0x0000000000002f1b        0x5 
 .text._ZNSt10_Head_baseILm0EPN7Speaker5ModelI5RobotEELb0EEC2Ev
                0x0000000000002f20       0x15 scratch/CMakeFiles/scratch.dir/main.cpp.o
                0x0000000000002f20                std::_Head_base<0ul, Speaker::Model<Robot>*, false>::_Head_base()
 *fill*         0x0000000000002f35        0xb 
 .text._ZNSt10_Head_baseILm1ESt14default_deleteIN7Speaker5ModelI5RobotEEELb1EEC2Ev
                0x0000000000002f40        0xa scratch/CMakeFiles/scratch.dir/main.cpp.o
                0x0000000000002f40                std::_Head_base<1ul, std::default_delete<Speaker::Model<Robot> >, true>::_Head_base()
 *fill*         0x0000000000002f4a        0x6 
 .text._ZSt3getILm0EJPN7Speaker5ModelI5RobotEESt14default_deleteIS3_EEERNSt13tuple_elementIXT_ESt5tupleIJDpT0_EEE4typeERSB_
                0x0000000000002f50       0x1b scratch/CMakeFiles/scratch.dir/main.cpp.o
                0x0000000000002f50                std::tuple_element<0ul, std::tuple<Speaker::Model<Robot>*, std::default_delete<Speaker::Model<Robot> > > >::type& std::get<0ul, Speaker::Model<Robot>*, std::default_delete<Speaker::Model<Robot> > >(std::tuple<Speaker::Model<Robot>*, std::default_delete<Speaker::Model<Robot> > >&)
 *fill*         0x0000000000002f6b        0x5 
 .text._ZSt12__get_helperILm0EPN7Speaker5ModelI5RobotEEJSt14default_deleteIS3_EEERT0_RSt11_Tuple_implIXT_EJS7_DpT1_EE
                0x0000000000002f70       0x1b scratch/CMakeFiles/scratch.dir/main.cpp.o
                0x0000000000002f70                Speaker::Model<Robot>*& std::__get_helper<0ul, Speaker::Model<Robot>*, std::default_delete<Speaker::Model<Robot> > >(std::_Tuple_impl<0ul, Speaker::Model<Robot>*, std::default_delete<Speaker::Model<Robot> > >&)
 *fill*         0x0000000000002f8b        0x5 
 .text._ZNSt11_Tuple_implILm0EJPN7Speaker5ModelI5RobotEESt14default_deleteIS3_EEE7_M_headERS7_
                0x0000000000002f90       0x1b scratch/CMakeFiles/scratch.dir/main.cpp.o
                0x0000000000002f90                std::_Tuple_impl<0ul, Speaker::Model<Robot>*, std::default_delete<Speaker::Model<Robot> > >::_M_head(std::_Tuple_impl<0ul, Speaker::Model<Robot>*, std::default_delete<Speaker::Model<Robot> > >&)
 *fill*         0x0000000000002fab        0x5 
 .text._ZNSt10_Head_baseILm0EPN7Speaker5ModelI5RobotEELb0EE7_M_headERS5_
                0x0000000000002fb0        0xe scratch/CMakeFiles/scratch.dir/main.cpp.o
                0x0000000000002fb0                std::_Head_base<0ul, Speaker::Model<Robot>*, false>::_M_head(std::_Head_base<0ul, Speaker::Model<Robot>*, false>&)
 *fill*         0x0000000000002fbe        0x2 
 .text._ZNSt10unique_ptrIN7Speaker5ModelI5RobotEESt14default_deleteIS3_EE7releaseEv
                0x0000000000002fc0       0x1b scratch/CMakeFiles/scratch.dir/main.cpp.o
                0x0000000000002fc0                std::unique_ptr<Speaker::Model<Robot>, std::default_delete<Speaker::Model<Robot> > >::release()
 *fill*         0x0000000000002fdb        0x5 
 .text._ZNSt10unique_ptrIN7Speaker5ModelI5RobotEESt14default_deleteIS3_EE11get_deleterEv
                0x0000000000002fe0       0x1b scratch/CMakeFiles/scratch.dir/main.cpp.o
                0x0000000000002fe0                std::unique_ptr<Speaker::Model<Robot>, std::default_delete<Speaker::Model<Robot> > >::get_deleter()
 *fill*         0x0000000000002ffb        0x5 
 .text._ZNSt15__uniq_ptr_dataIN7Speaker7ConceptESt14default_deleteIS1_ELb1ELb1EECI2St15__uniq_ptr_implIS1_S3_EIS2_INS0_5ModelI5RobotEEEEEPS1_OT_
                0x0000000000003000       0x2b scratch/CMakeFiles/scratch.dir/main.cpp.o
                0x0000000000003000                std::__uniq_ptr_data<Speaker::Concept, std::default_delete<Speaker::Concept>, true, true>::__uniq_ptr_impl<std::default_delete<Speaker::Model<Robot> > >(Speaker::Concept*, std::default_delete<Speaker::Model<Robot> >&&)
 *fill*         0x000000000000302b        0x5 
 .text._ZNSt15__uniq_ptr_implIN7Speaker5ModelI5RobotEESt14default_deleteIS3_EE7releaseEv
                0x0000000000003030       0x3a scratch/CMakeFiles/scratch.dir/main.cpp.o
                0x0000000000003030                std::__uniq_ptr_impl<Speaker::Model<Robot>, std::default_delete<Speaker::Model<Robot> > >::release()
 *fill*         0x000000000000306a        0x6 
 .text._ZNSt15__uniq_ptr_implIN7Speaker5ModelI5RobotEESt14default_deleteIS3_EE10_M_deleterEv
                0x0000000000003070       0x1b scratch/CMakeFiles/scratch.dir/main.cpp.o
                0x0000000000003070                std::__uniq_ptr_impl<Speaker::Model<Robot>, std::default_delete<Speaker::Model<Robot> > >::_M_deleter()
 *fill*         0x000000000000308b        0x5 
 .text._ZSt3getILm1EJPN7Speaker5ModelI5RobotEESt14default_deleteIS3_EEERNSt13tuple_elementIXT_ESt5tupleIJDpT0_EEE4typeERSB_
                0x0000000000003090       0x1b scratch/CMakeFiles/scratch.dir/main.cpp.o
                0x0000000000003090                std::tuple_element<1ul, std::tuple<Speaker::Model<Robot>*, std::default_delete<Speaker::Model<Robot> > > >::type& std::get<1ul, Speaker::Model<Robot>*, std::default_delete<Speaker::Model<Robot> > >(std::tuple<Speaker::Model<Robot>*, std::default_delete<Speaker::Model<Robot> > >&)
 *fill*         0x00000000000030ab        0x5 
 .text._ZSt12__get_helperILm1ESt14default_deleteIN7Speaker5ModelI5RobotEEEJEERT0_RSt11_Tuple_implIXT_EJS6_DpT1_EE
                0x00000000000030b0       0x1b scratch/CMakeFiles/scratch.dir/main.cpp.o
                0x00000000000030b0                std::default_delete<Speaker::Model<Robot> >& std::__get_helper<1ul, std::default_delete<Speaker::Model<Robot> >>(std::_Tuple_impl<1ul, std::default_delete<Speaker::Model<Robot> >>&)
 *fill*         0x00000000000030cb        0x5 
 .text._ZNSt11_Tuple_implILm1EJSt14default_deleteIN7Speaker5ModelI5RobotEEEEE7_M_headERS6_
                0x00000000000030d0       0x1b scratch/CMakeFiles/scratch.dir/main.cpp.o
                0x00000000000030d0                std::_Tuple_impl<1ul, std::default_delete<Speaker::Model<Robot> > >::_M_head(std::_Tuple_impl<1ul, std::default_delete<Speaker::Model<Robot> > >&)
 *fill*         0x00000000000030eb        0x5 
 .text._ZNSt10_Head_baseILm1ESt14default_deleteIN7Speaker5ModelI5RobotEEELb1EE7_M_headERS6_
                0x00000000000030f0        0xe scratch/CMakeFiles/scratch.dir/main.cpp.o
                0x00000000000030f0                std::_Head_base<1ul, std::default_delete<Speaker::Model<Robot> >, true>::_M_head(std::_Head_base<1ul, std::default_delete<Speaker::Model<Robot> >, true>&)
 *fill*         0x00000000000030fe        0x2 
 .text._ZNSt15__uniq_ptr_implIN7Speaker7ConceptESt14default_deleteIS1_EEC2IS2_INS0_5ModelI5RobotEEEEEPS1_OT_
                0x0000000000003100       0x2b scratch/CMakeFiles/scratch.dir/main.cpp.o
                0x0000000000003100                std::__uniq_ptr_impl<Speaker::Concept, std::default_delete<Speaker::Concept> >::__uniq_ptr_impl<std::default_delete<Speaker::Model<Robot> > >(Speaker::Concept*, std::default_delete<Speaker::Model<Robot> >&&)
 *fill*         0x000000000000312b        0x5 
 .text._ZNSt5tupleIJPN7Speaker7ConceptESt14default_deleteIS1_EEEC2IJRS2_S3_INS0_5ModelI5RobotEEEEQaaaacl27__disambiguating_constraintIDpTL0__EEcl15__constructibleISD_EEntcl9__danglesISD_EEEEDpOT_
                0x0000000000003130       0x38 scratch/CMakeFiles/scratch.dir/main.cpp.o
                0x0000000000003130                _ZNSt5tupleIJPN7Speaker7ConceptESt14default_deleteIS1_EEEC2IJRS2_S3_INS0_5ModelI5RobotEEEEQaaaacl27__disambiguating_constraintIDpTL0__EEcl15__constructibleISD_EEntcl9__danglesISD_EEEEDpOT_
 *fill*         0x0000000000003168        0x8 
 .text._ZNSt11_Tuple_implILm0EJPN7Speaker7ConceptESt14default_deleteIS1_EEEC2IRS2_JS3_INS0_5ModelI5RobotEEEEvEEOT_DpOT0_
                0x0000000000003170       0x38 scratch/CMakeFiles/scratch.dir/main.cpp.o
                0x0000000000003170                std::_Tuple_impl<0ul, Speaker::Concept*, std::default_delete<Speaker::Concept> >::_Tuple_impl<Speaker::Concept*&, std::default_delete<Speaker::Model<Robot> >, void>(Speaker::Concept*&, std::default_delete<Speaker::Model<Robot> >&&)
 *fill*         0x00000000000031a8        0x8 
 .text._ZNSt11_Tuple_implILm1EJSt14default_deleteIN7Speaker7ConceptEEEEC2IS0_INS1_5ModelI5RobotEEEEEOT_
                0x00000000000031b0       0x23 scratch/CMakeFiles/scratch.dir/main.cpp.o
                0x00000000000031b0                std::_Tuple_impl<1ul, std::default_delete<Speaker::Concept> >::_Tuple_impl<std::default_delete<Speaker::Model<Robot> > >(std::default_delete<Speaker::Model<Robot> >&&)
 *fill*         0x00000000000031d3        0xd 
 .text._ZNSt10_Head_baseILm1ESt14default_deleteIN7Speaker7ConceptEELb1EEC2IS0_INS1_5ModelI5RobotEEEEEOT_
                0x00000000000031e0       0x23 scratch/CMakeFiles/scratch.dir/main.cpp.o
                0x00000000000031e0                std::_Head_base<1ul, std::default_delete<Speaker::Concept>, true>::_Head_base<std::default_delete<Speaker::Model<Robot> > >(std::default_delete<Speaker::Model<Robot> >&&)
 *fill*         0x0000000000003203        0xd 
 .text._ZNSt14default_deleteIN7Speaker7ConceptEEC2INS0_5ModelI5RobotEEvEERKS_IT_E
                0x0000000000003210        0xe scratch/CMakeFiles/scratch.dir/main.cpp.o
                0x0000000000003210                std::default_delete<Speaker::Concept>::default_delete<Speaker::Model<Robot>, void>(std::default_delete<Speaker::Model<Robot> > const&)
 *fill*         0x000000000000321e        0x2 
 .text._ZNKSt14default_deleteIN7Speaker5ModelI5RobotEEEclEPS3_
                0x0000000000003220       0x32 scratch/CMakeFiles/scratch.dir/main.cpp.o
                0x0000000000003220                std::default_delete<Speaker::Model<Robot> >::operator()(Speaker::Model<Robot>*) const
 .text          0x0000000000003252        0x0 /usr/bin/../lib/gcc/x86_64-linux-gnu/14/crtendS.o
 .text          0x0000000000003252        0x0 /lib/x86_64-linux-gnu/crtn.o
 *(.gnu.warning)

.fini           0x0000000000003254        0xd
 *(SORT_NONE(.fini))
 .fini          0x0000000000003254        0x8 /lib/x86_64-linux-gnu/crti.o
                0x0000000000003254                _fini
 .fini          0x000000000000325c        0x5 /lib/x86_64-linux-gnu/crtn.o
                [!provide]                        PROVIDE (__etext = .)
                [!provide]                        PROVIDE (_etext = .)
                [!provide]                        PROVIDE (etext = .)
                0x0000000000004000                . = ALIGN (CONSTANT (MAXPAGESIZE))
                0x0000000000004000                . = SEGMENT_START ("rodata-segment", (ALIGN (CONSTANT (MAXPAGESIZE)) + (. & (CONSTANT (MAXPAGESIZE) - 0x1))))

.rodata         0x0000000000004000       0x74
 *(.rodata .rodata.* .gnu.linkonce.r.*)
 .rodata.cst4   0x0000000000004000        0x4 /lib/x86_64-linux-gnu/Scrt1.o
                0x0000000000004000                _IO_stdin_used
 .rodata.str1.1
                0x0000000000004004       0x2d scratch/CMakeFiles/scratch.dir/main.cpp.o
 .rodata._ZTSN7Speaker5ModelI3DogEE
                0x0000000000004031       0x17 scratch/CMakeFiles/scratch.dir/main.cpp.o
                0x0000000000004031                typeinfo name for Speaker::Model<Dog>
 .rodata._ZTSN7Speaker7ConceptE
                0x0000000000004048       0x13 scratch/CMakeFiles/scratch.dir/main.cpp.o
                0x0000000000004048                typeinfo name for Speaker::Concept
 .rodata._ZTSN7Speaker5ModelI5RobotEE
                0x000000000000405b       0x19 scratch/CMakeFiles/scratch.dir/main.cpp.o
                0x000000000000405b                typeinfo name for Speaker::Model<Robot>

.rodata1
 *(.rodata1)

.eh_frame_hdr   0x0000000000004074      0x504
 *(.eh_frame_hdr)
 .eh_frame_hdr  0x0000000000004074      0x504 /lib/x86_64-linux-gnu/Scrt1.o
                0x0000000000004074                __GNU_EH_FRAME_HDR
 *(.eh_frame_entry .eh_frame_entry.*)

.eh_frame       0x0000000000004578     0x1498
 *(.eh_frame)
 .eh_frame      0x0000000000004578       0x30 /lib/x86_64-linux-gnu/Scrt1.o
                                         0x2c (size before relaxing)
 *fill*         0x00000000000045a8        0x0 
 .eh_frame      0x00000000000045a8       0x28 /lib/x86_64-linux-gnu/Scrt1.o
                                         0x40 (size before relaxing)
 .eh_frame      0x00000000000045d0       0x18 /lib/x86_64-linux-gnu/Scrt1.o
                                         0x30 (size before relaxing)
 .eh_frame      0x00000000000045e8     0x1424 scratch/CMakeFiles/scratch.dir/main.cpp.o
                                       0x1440 (size before relaxing)
 .eh_frame      0x0000000000005a0c        0x4 /usr/bin/../lib/gcc/x86_64-linux-gnu/14/crtendS.o
 *(.eh_frame.*)

.sframe         0x0000000000005a10        0x0
 *(.sframe)
 .sframe        0x0000000000005a10        0x0 /lib/x86_64-linux-gnu/Scrt1.o
 *(.sframe.*)

.gcc_except_table
                0x0000000000005a10      0x134
 *(.gcc_except_table .gcc_except_table.*)
 .gcc_except_table
                0x0000000000005a10       0x24 scratch/CMakeFiles/scratch.dir/main.cpp.o
 .gcc_except_table._ZNSt6vectorI7SpeakerSaIS0_EED2Ev
                0x0000000000005a34       0x10 scratch/CMakeFiles/scratch.dir/main.cpp.o
 .gcc_except_table._ZNSt6vectorI7SpeakerSaIS0_EE11_S_max_sizeERKS1_
                0x0000000000005a44       0x10 scratch/CMakeFiles/scratch.dir/main.cpp.o
 .gcc_except_table._ZSt19__relocate_object_aI7SpeakerS0_SaIS0_EEvPT_PT0_RT1_
                0x0000000000005a54       0x10 scratch/CMakeFiles/scratch.dir/main.cpp.o
 .gcc_except_table._ZNSt10unique_ptrIN7Speaker7ConceptESt14default_deleteIS1_EED2Ev
                0x0000000000005a64       0x10 scratch/CMakeFiles/scratch.dir/main.cpp.o
 .gcc_except_table._ZNSt12_Vector_baseI7SpeakerSaIS0_EED2Ev
                0x0000000000005a74       0x10 scratch/CMakeFiles/scratch.dir/main.cpp.o
 .gcc_except_table._ZSt11make_uniqueIN7Speaker5ModelI3DogEEJS2_EENSt8__detail9_MakeUniqIT_E15__single_objectEDpOT0_
                0x0000000000005a84       0x10 scratch/CMakeFiles/scratch.dir/main.cpp.o
 .gcc_except_table._ZNSt10unique_ptrIN7Speaker7ConceptESt14default_deleteIS1_EEC2INS0_5ModelI3DogEES2_IS8_EvEEOS_IT_T0_E
                0x0000000000005a94       0x10 scratch/CMakeFiles/scratch.dir/main.cpp.o
 .gcc_except_table._ZNSt10unique_ptrIN7Speaker5ModelI3DogEESt14default_deleteIS3_EED2Ev
                0x0000000000005aa4       0x10 scratch/CMakeFiles/scratch.dir/main.cpp.o
 .gcc_except_table._ZNSt10unique_ptrIN7Speaker5ModelI3DogEESt14default_deleteIS3_EEC2IS5_vEEPS3_
                0x0000000000005ab4       0x10 scratch/CMakeFiles/scratch.dir/main.cpp.o
 .gcc_except_table._ZNSt5tupleIJPN7Speaker5ModelI3DogEESt14default_deleteIS3_EEEC2EvQfraa26is_default_constructible_vIT_E
                0x0000000000005ac4       0x10 scratch/CMakeFiles/scratch.dir/main.cpp.o
 .gcc_except_table._ZNSt5tupleIJPN7Speaker7ConceptESt14default_deleteIS1_EEEC2IJRS2_S3_INS0_5ModelI3DogEEEEQaaaacl27__disambiguating_constraintIDpTL0__EEcl15__constructibleISD_EEntcl9__danglesISD_EEEEDpOT_
                0x0000000000005ad4       0x10 scratch/CMakeFiles/scratch.dir/main.cpp.o
 .gcc_except_table._ZSt11make_uniqueIN7Speaker5ModelI5RobotEEJS2_EENSt8__detail9_MakeUniqIT_E15__single_objectEDpOT0_
                0x0000000000005ae4       0x10 scratch/CMakeFiles/scratch.dir/main.cpp.o
 .gcc_except_table._ZNSt10unique_ptrIN7Speaker7ConceptESt14default_deleteIS1_EEC2INS0_5ModelI5RobotEES2_IS8_EvEEOS_IT_T0_E
                0x0000000000005af4       0x10 scratch/CMakeFiles/scratch.dir/main.cpp.o
 .gcc_except_table._ZNSt10unique_ptrIN7Speaker5ModelI5RobotEESt14default_deleteIS3_EED2Ev
                0x0000000000005b04       0x10 scratch/CMakeFiles/scratch.dir/main.cpp.o
 .gcc_except_table._ZNSt10unique_ptrIN7Speaker5ModelI5RobotEESt14default_deleteIS3_EEC2IS5_vEEPS3_
                0x0000000000005b14       0x10 scratch/CMakeFiles/scratch.dir/main.cpp.o
 .gcc_except_table._ZNSt5tupleIJPN7Speaker5ModelI5RobotEESt14default_deleteIS3_EEEC2EvQfraa26is_default_constructible_vIT_E
                0x0000000000005b24       0x10 scratch/CMakeFiles/scratch.dir/main.cpp.o
 .gcc_except_table._ZNSt5tupleIJPN7Speaker7ConceptESt14default_deleteIS1_EEEC2IJRS2_S3_INS0_5ModelI5RobotEEEEQaaaacl27__disambiguating_constraintIDpTL0__EEcl15__constructibleISD_EEntcl9__danglesISD_EEEEDpOT_
                0x0000000000005b34       0x10 scratch/CMakeFiles/scratch.dir/main.cpp.o

.gnu_extab
 *(.gnu_extab*)

.exception_ranges
 *(.exception_ranges*)
                0x0000000000006ce0                . = DATA_SEGMENT_ALIGN (CONSTANT (MAXPAGESIZE), CONSTANT (COMMONPAGESIZE))

.eh_frame
 *(.eh_frame)
 *(.eh_frame.*)

.sframe
 *(.sframe)
 *(.sframe.*)

.gnu_extab
 *(.gnu_extab)

.gcc_except_table
 *(.gcc_except_table .gcc_except_table.*)

.exception_ranges
 *(.exception_ranges*)

.tdata          0x0000000000006ce0        0x0
                [!provide]                        PROVIDE (__tdata_start = .)
 *(.tdata .tdata.* .gnu.linkonce.td.*)

.tbss
 *(.tbss .tbss.* .gnu.linkonce.tb.*)
 *(.tcommon)

.preinit_array  0x0000000000006ce0        0x0
                [!provide]                        PROVIDE (__preinit_array_start = .)
 *(.preinit_array)
                [!provide]                        PROVIDE (__preinit_array_end = .)

.init_array     0x0000000000006ce0        0x8
                [!provide]                        PROVIDE (__init_array_start = .)
 *(SORT_BY_INIT_PRIORITY(.init_array.*) SORT_BY_INIT_PRIORITY(.ctors.*))
 *(.init_array EXCLUDE_FILE(*crtend?.o *crtend.o *crtbegin?.o *crtbegin.o) .ctors)
 .init_array    0x0000000000006ce0        0x8 /usr/bin/../lib/gcc/x86_64-linux-gnu/14/crtbeginS.o
                [!provide]                        PROVIDE (__init_array_end = .)

.fini_array     0x0000000000006ce8        0x8
                [!provide]                        PROVIDE (__fini_array_start = .)
 *(SORT_BY_INIT_PRIORITY(.fini_array.*) SORT_BY_INIT_PRIORITY(.dtors.*))
 *(.fini_array EXCLUDE_FILE(*crtend?.o *crtend.o *crtbegin?.o *crtbegin.o) .dtors)
 .fini_array    0x0000000000006ce8        0x8 /usr/bin/../lib/gcc/x86_64-linux-gnu/14/crtbeginS.o
                [!provide]                        PROVIDE (__fini_array_end = .)

.ctors
 *crtbegin.o(.ctors)
 *crtbegin?.o(.ctors)
 *(EXCLUDE_FILE(*crtend?.o *crtend.o) .ctors)
 *(SORT_BY_NAME(.ctors.*))
 *(.ctors)

.dtors
 *crtbegin.o(.dtors)
 *crtbegin?.o(.dtors)
 *(EXCLUDE_FILE(*crtend?.o *crtend.o) .dtors)
 *(SORT_BY_NAME(.dtors.*))
 *(.dtors)

.jcr
 *(.jcr)

.data.rel.ro    0x0000000000006cf0       0xb8
 *(.data.rel.ro.local* .gnu.linkonce.d.rel.ro.local.*)
 *(.data.rel.ro .data.rel.ro.* .gnu.linkonce.d.rel.ro.*)
 .data.rel.ro   0x0000000000006cf0        0x0 /lib/x86_64-linux-gnu/Scrt1.o
 .data.rel.ro._ZTVN7Speaker5ModelI3DogEE
                0x0000000000006cf0       0x28 scratch/CMakeFiles/scratch.dir/main.cpp.o
                0x0000000000006cf0                vtable for Speaker::Model<Dog>
 .data.rel.ro._ZTIN7Speaker7ConceptE
                0x0000000000006d18       0x10 scratch/CMakeFiles/scratch.dir/main.cpp.o
                0x0000000000006d18                typeinfo for Speaker::Concept
 .data.rel.ro._ZTIN7Speaker5ModelI3DogEE
                0x0000000000006d28       0x18 scratch/CMakeFiles/scratch.dir/main.cpp.o
                0x0000000000006d28                typeinfo for Speaker::Model<Dog>
 .data.rel.ro._ZTVN7Speaker7ConceptE
                0x0000000000006d40       0x28 scratch/CMakeFiles/scratch.dir/main.cpp.o
                0x0000000000006d40                vtable for Speaker::Concept
 .data.rel.ro._ZTVN7Speaker5ModelI5RobotEE
                0x0000000000006d68       0x28 scratch/CMakeFiles/scratch.dir/main.cpp.o
                0x0000000000006d68                vtable for Speaker::Model<Robot>
 .data.rel.ro._ZTIN7Speaker5ModelI5RobotEE
                0x0000000000006d90       0x18 scratch/CMakeFiles/scratch.dir/main.cpp.o
                0x0000000000006d90                typeinfo for Speaker::Model<Robot>

.dynamic        0x0000000000006da8      0x210
 *(.dynamic)
 .dynamic       0x0000000000006da8      0x210 /lib/x86_64-linux-gnu/Scrt1.o
                0x0000000000006da8                _DYNAMIC

.got            0x0000000000006fb8       0x30
 *(.got)
 .got           0x0000000000006fb8       0x30 /lib/x86_64-linux-gnu/Scrt1.o
 *(.igot)
                0x0000000000006fe8                . = DATA_SEGMENT_RELRO_END (., (SIZEOF (.got.plt) >= 0x18)?0x18:0x0)

.got.plt        0x0000000000006fe8       0x60
 *(.got.plt)
 .got.plt       0x0000000000006fe8       0x60 /lib/x86_64-linux-gnu/Scrt1.o
                0x0000000000006fe8                _GLOBAL_OFFSET_TABLE_
 *(.igot.plt)

.data           0x0000000000007048       0x18
 *(.data .data.* .gnu.linkonce.d.*)
 .data          0x0000000000007048        0x4 /lib/x86_64-linux-gnu/Scrt1.o
                0x0000000000007048                data_start
                0x0000000000007048                __data_start
 .data          0x000000000000704c        0x0 /lib/x86_64-linux-gnu/crti.o
 .data          0x000000000000704c        0x0 /usr/bin/../lib/gcc/x86_64-linux-gnu/14/crtbeginS.o
 *fill*         0x000000000000704c        0x4 
 .data.rel.local
                0x0000000000007050        0x8 /usr/bin/../lib/gcc/x86_64-linux-gnu/14/crtbeginS.o
                0x0000000000007050                __dso_handle
 .data.DW.ref.__gxx_personality_v0
                0x0000000000007058        0x8 scratch/CMakeFiles/scratch.dir/main.cpp.o
                0x0000000000007058                DW.ref.__gxx_personality_v0
 .data          0x0000000000007060        0x0 /usr/bin/../lib/gcc/x86_64-linux-gnu/14/crtendS.o
 .data          0x0000000000007060        0x0 /lib/x86_64-linux-gnu/crtn.o

.tm_clone_table
                0x0000000000007060        0x0
 .tm_clone_table
                0x0000000000007060        0x0 /usr/bin/../lib/gcc/x86_64-linux-gnu/14/crtbeginS.o
 .tm_clone_table
                0x0000000000007060        0x0 /usr/bin/../lib/gcc/x86_64-linux-gnu/14/crtendS.o

.data1
 *(.data1)
                0x0000000000007060                _edata = .
                [!provide]                        PROVIDE (edata = .)
                0x0000000000007060                . = ALIGN (ALIGNOF (NEXT_SECTION))
                0x0000000000007060                __bss_start = .

.bss            0x0000000000007060        0x8
 *(.dynbss)
 .dynbss        0x0000000000007060        0x0 /lib/x86_64-linux-gnu/Scrt1.o
 *(.bss .bss.* .gnu.linkonce.b.*)
 .bss           0x0000000000007060        0x0 /lib/x86_64-linux-gnu/Scrt1.o
 .bss           0x0000000000007060        0x0 /lib/x86_64-linux-gnu/crti.o
 .bss           0x0000000000007060        0x1 /usr/bin/../lib/gcc/x86_64-linux-gnu/14/crtbeginS.o
 .bss           0x0000000000007061        0x0 /usr/bin/../lib/gcc/x86_64-linux-gnu/14/crtendS.o
 .bss           0x0000000000007061        0x0 /lib/x86_64-linux-gnu/crtn.o
 *(COMMON)
                0x0000000000007068                . = ALIGN ((. != 0x0)?0x8:0x1)
 *fill*         0x0000000000007061        0x7 

.lbss
 *(.dynlbss)
 *(.lbss .lbss.* .gnu.linkonce.lb.*)
 *(LARGE_COMMON)
                0x0000000000007068                . = ALIGN (0x8)
                0x0000000000007068                . = SEGMENT_START ("ldata-segment", .)

.lrodata
 *(.lrodata .lrodata.* .gnu.linkonce.lr.*)

.ldata          0x0000000000009068        0x0
 *(.ldata .ldata.* .gnu.linkonce.l.*)
                0x0000000000009068                . = ALIGN ((. != 0x0)?0x8:0x1)
                0x0000000000009068                . = ALIGN (0x8)
                0x0000000000007068                _end = .
                [!provide]                        PROVIDE (end = .)
                0x0000000000009068                . = DATA_SEGMENT_END (.)

.stab
 *(.stab)

.stabstr
 *(.stabstr)

.stab.excl
 *(.stab.excl)

.stab.exclstr
 *(.stab.exclstr)

.stab.index
 *(.stab.index)

.stab.indexstr
 *(.stab.indexstr)

.comment        0x0000000000000000       0x54
 *(.comment)
 .comment       0x0000000000000000       0x54 /usr/bin/../lib/gcc/x86_64-linux-gnu/14/crtbeginS.o
                                         0x2e (size before relaxing)
 .comment       0x0000000000000054       0x28 scratch/CMakeFiles/scratch.dir/main.cpp.o
 .comment       0x0000000000000054       0x2e /usr/bin/../lib/gcc/x86_64-linux-gnu/14/crtendS.o

.gnu.build.attributes
 *(.gnu.build.attributes .gnu.build.attributes.*)

.debug
 *(.debug)

.line
 *(.line)

.debug_srcinfo
 *(.debug_srcinfo)

.debug_sfnames
 *(.debug_sfnames)

.debug_aranges
 *(.debug_aranges)

.debug_pubnames
 *(.debug_pubnames)

.debug_info     0x0000000000000000     0x6603
 *(.debug_info .gnu.linkonce.wi.*)
 .debug_info    0x0000000000000000     0x6603 scratch/CMakeFiles/scratch.dir/main.cpp.o

.debug_abbrev   0x0000000000000000      0x9fc
 *(.debug_abbrev)
 .debug_abbrev  0x0000000000000000      0x9fc scratch/CMakeFiles/scratch.dir/main.cpp.o

.debug_line     0x0000000000000000     0x1ac7
 *(.debug_line .debug_line.* .debug_line_end)
 .debug_line    0x0000000000000000     0x1ac7 scratch/CMakeFiles/scratch.dir/main.cpp.o

.debug_frame
 *(.debug_frame)

.debug_str      0x0000000000000000     0x8b8c
 *(.debug_str)
 .debug_str     0x0000000000000000     0x8b8c scratch/CMakeFiles/scratch.dir/main.cpp.o
                                       0x8f31 (size before relaxing)

.debug_loc
 *(.debug_loc)

.debug_macinfo
 *(.debug_macinfo)

.debug_weaknames
 *(.debug_weaknames)

.debug_funcnames
 *(.debug_funcnames)

.debug_typenames
 *(.debug_typenames)

.debug_varnames
 *(.debug_varnames)

.debug_pubtypes
 *(.debug_pubtypes)

.debug_ranges
 *(.debug_ranges)

.debug_addr     0x0000000000000000      0x568
 *(.debug_addr)
 .debug_addr    0x0000000000000000      0x568 scratch/CMakeFiles/scratch.dir/main.cpp.o

.debug_line_str
                0x0000000000000000      0x498
 *(.debug_line_str)
 .debug_line_str
                0x0000000000000000      0x498 scratch/CMakeFiles/scratch.dir/main.cpp.o
                                        0x4e0 (size before relaxing)

.debug_loclists
 *(.debug_loclists)

.debug_macro
 *(.debug_macro)

.debug_names
 *(.debug_names)

.debug_rnglists
                0x0000000000000000      0x239
 *(.debug_rnglists)
 .debug_rnglists
                0x0000000000000000      0x239 scratch/CMakeFiles/scratch.dir/main.cpp.o

.debug_str_offsets
                0x0000000000000000      0xfe8
 *(.debug_str_offsets)
 .debug_str_offsets
                0x0000000000000000      0xfe8 scratch/CMakeFiles/scratch.dir/main.cpp.o

.debug_sup
 *(.debug_sup)

.gnu.attributes
 *(.gnu.attributes)

/DISCARD/
 *(.note.GNU-stack)
 *(.gnu_debuglink)
 *(.gnu.lto_*)
OUTPUT(scratch/scratch elf64-x86-64)
